Component: Arm Compiler for Embedded 6.24 Tool: armlink [5f371500]

==============================================================================

Section Cross References

    dio.o(.text) refers to dio.o(.rodata) for DIO_Hardware_Map
    main.o(.text) refers (Special) to systick.o(.text) for SysTick_Init
    main.o(.text) refers to dio.o(.text) for DIO_ToggleLogical
    main.o(.text) refers to rcc.o(.text) for PLLInit
    main.o(.text) refers to port.o(.text) for GPIO_Init_All
    port.o(.text) refers to rcc.o(.text) for RCC_AHB1_Enable
    port.o(.text) refers to port.o(.rodata) for PinConfigTable
    startup_stm32f411xe.o(STACK) refers (Special) to heapauxi.o(.text) for __use_two_region_memory
    startup_stm32f411xe.o(HEAP) refers (Special) to heapauxi.o(.text) for __use_two_region_memory
    startup_stm32f411xe.o(RESET) refers (Special) to heapauxi.o(.text) for __use_two_region_memory
    startup_stm32f411xe.o(RESET) refers to startup_stm32f411xe.o(STACK) for __initial_sp
    startup_stm32f411xe.o(RESET) refers to startup_stm32f411xe.o(.text) for Reset_Handler
    startup_stm32f411xe.o(.text) refers (Special) to heapauxi.o(.text) for __use_two_region_memory
    startup_stm32f411xe.o(.text) refers to system_stm32f4xx.o(.text.SystemInit) for SystemInit
    startup_stm32f411xe.o(.text) refers to main.o(.text) for __main
    startup_stm32f411xe.o(.text) refers to startup_stm32f411xe.o(HEAP) for Heap_Mem
    startup_stm32f411xe.o(.text) refers to startup_stm32f411xe.o(STACK) for Stack_Mem
    system_stm32f4xx.o(.ARM.exidx.text.SystemInit) refers to system_stm32f4xx.o(.text.SystemInit) for [Anonymous Symbol]
    system_stm32f4xx.o(.text.SystemCoreClockUpdate) refers to system_stm32f4xx.o(.data.SystemCoreClock) for SystemCoreClock
    system_stm32f4xx.o(.text.SystemCoreClockUpdate) refers to system_stm32f4xx.o(.rodata.AHBPrescTable) for AHBPrescTable
    system_stm32f4xx.o(.ARM.exidx.text.SystemCoreClockUpdate) refers to system_stm32f4xx.o(.text.SystemCoreClockUpdate) for [Anonymous Symbol]


==============================================================================

Removing Unused input sections from the image.

    Removing system_stm32f4xx.o(.text), (0 bytes).
    Removing system_stm32f4xx.o(.ARM.exidx.text.SystemInit), (8 bytes).
    Removing system_stm32f4xx.o(.text.SystemCoreClockUpdate), (302 bytes).
    Removing system_stm32f4xx.o(.ARM.exidx.text.SystemCoreClockUpdate), (8 bytes).
    Removing system_stm32f4xx.o(.data.SystemCoreClock), (4 bytes).
    Removing system_stm32f4xx.o(.rodata.AHBPrescTable), (16 bytes).
    Removing system_stm32f4xx.o(.rodata.APBPrescTable), (8 bytes).

7 unused section(s) (total 346 bytes) removed from the image.

==============================================================================

Image Symbol Table

    Local Symbols

    Symbol Name                              Value     Ov Type        Size  Object(Section)

    ../clib/heapaux.c                        0x00000000   Number         0  heapauxi.o ABSOLUTE
    RTE/Device/STM32F411CEUx/startup_stm32f411xe.s 0x00000000   Number         0  startup_stm32f411xe.o ABSOLUTE
    dc.s                                     0x00000000   Number         0  dc.o ABSOLUTE
    src/SysTick.asm                          0x00000000   Number         0  systick.o ABSOLUTE
    src/dio.asm                              0x00000000   Number         0  dio.o ABSOLUTE
    src/main.asm                             0x00000000   Number         0  main.o ABSOLUTE
    src/port.asm                             0x00000000   Number         0  port.o ABSOLUTE
    src/rcc.asm                              0x00000000   Number         0  rcc.o ABSOLUTE
    system_stm32f4xx.c                       0x00000000   Number         0  system_stm32f4xx.o ABSOLUTE
    RESET                                    0x08000000   Section      408  startup_stm32f411xe.o(RESET)
    $v0                                      0x08000198   Number         0  dio.o(.text)
    .text                                    0x08000198   Section      112  dio.o(.text)
    $v0                                      0x08000208   Number         0  main.o(.text)
    delay_loop                               0x08000209   Thumb Code     6  main.o(.text)
    .text                                    0x08000208   Section       56  main.o(.text)
    toggle_led                               0x0800020f   Thumb Code    16  main.o(.text)
    $v0                                      0x08000240   Number         0  port.o(.text)
    .text                                    0x08000240   Section      248  port.o(.text)
    $v0                                      0x08000338   Number         0  rcc.o(.text)
    .text                                    0x08000338   Section      176  rcc.o(.text)
    $v0                                      0x080003e8   Number         0  systick.o(.text)
    .text                                    0x080003e8   Section      240  systick.o(.text)
    SysTick_Start                            0x0800040f   Thumb Code    26  systick.o(.text)
    $v0                                      0x080004d8   Number         0  startup_stm32f411xe.o(.text)
    .text                                    0x080004d8   Section       64  startup_stm32f411xe.o(.text)
    .text                                    0x08000518   Section        0  heapauxi.o(.text)
    [Anonymous Symbol]                       0x08000520   Section        0  system_stm32f4xx.o(.text.SystemInit)
    .rodata                                  0x08000524   Section       16  dio.o(.rodata)
    .rodata                                  0x08000534   Section       12  port.o(.rodata)
    Heap_Mem                                 0x20000000   Data         512  startup_stm32f411xe.o(HEAP)
    HEAP                                     0x20000000   Section      512  startup_stm32f411xe.o(HEAP)
    Stack_Mem                                0x20000200   Data        1024  startup_stm32f411xe.o(STACK)
    STACK                                    0x20000200   Section     1024  startup_stm32f411xe.o(STACK)
    __initial_sp                             0x20000600   Data           0  startup_stm32f411xe.o(STACK)

    Global Symbols

    Symbol Name                              Value     Ov Type        Size  Object(Section)

    BuildAttributes$$THM_ISAv4$E$P$D$K$B$S$7EM$VFPi3$EXTD16$VFPS$VFMA$PE$A:L22UL41UL21$X:L11$S22US41US21$IEEE1$IW$~IW$USESV6$~STKCKD$USESV7$~SHL$OSPACE$ROPI$EBA8$STANDARDLIB$REQ8$EABIv2 0x00000000   Number         0  anon$$obj.o ABSOLUTE
    __Vectors_Size                           0x00000198   Number         0  startup_stm32f411xe.o ABSOLUTE
    __Vectors                                0x08000000   Data           4  startup_stm32f411xe.o(RESET)
    DIO_WritePin                             0x08000199   Thumb Code    32  dio.o(.text)
    __Vectors_End                            0x08000198   Data           0  startup_stm32f411xe.o(RESET)
    DIO_ReadPin                              0x080001b9   Thumb Code    12  dio.o(.text)
    DIO_TogglePin                            0x080001c5   Thumb Code    18  dio.o(.text)
    DIO_WriteLogical                         0x080001d7   Thumb Code    16  dio.o(.text)
    DIO_ReadLogical                          0x080001e7   Thumb Code    14  dio.o(.text)
    DIO_ToggleLogical                        0x080001f5   Thumb Code    14  dio.o(.text)
    __main                                   0x0800021f   Thumb Code    28  main.o(.text)
    GPIO_Init_All                            0x08000241   Thumb Code    22  port.o(.text)
    GPIO_Pin_Init                            0x08000257   Thumb Code   216  port.o(.text)
    PLLInit                                  0x08000339   Thumb Code   104  rcc.o(.text)
    RCC_AHB1_Enable                          0x080003a1   Thumb Code    14  rcc.o(.text)
    RCC_AHB2_Enable                          0x080003af   Thumb Code    14  rcc.o(.text)
    RCC_APB1_Enable                          0x080003bd   Thumb Code    14  rcc.o(.text)
    RCC_APB2_Enable                          0x080003cb   Thumb Code    14  rcc.o(.text)
    SysTick_Init                             0x080003e9   Thumb Code    38  systick.o(.text)
    SysTick_delay_ms                         0x08000429   Thumb Code    82  systick.o(.text)
    SysTick_delay_us                         0x0800047b   Thumb Code    76  systick.o(.text)
    Reset_Handler                            0x080004d9   Thumb Code     8  startup_stm32f411xe.o(.text)
    NMI_Handler                              0x080004e1   Thumb Code     2  startup_stm32f411xe.o(.text)
    HardFault_Handler                        0x080004e3   Thumb Code     2  startup_stm32f411xe.o(.text)
    MemManage_Handler                        0x080004e5   Thumb Code     2  startup_stm32f411xe.o(.text)
    BusFault_Handler                         0x080004e7   Thumb Code     2  startup_stm32f411xe.o(.text)
    UsageFault_Handler                       0x080004e9   Thumb Code     2  startup_stm32f411xe.o(.text)
    SVC_Handler                              0x080004eb   Thumb Code     2  startup_stm32f411xe.o(.text)
    DebugMon_Handler                         0x080004ed   Thumb Code     2  startup_stm32f411xe.o(.text)
    PendSV_Handler                           0x080004ef   Thumb Code     2  startup_stm32f411xe.o(.text)
    SysTick_Handler                          0x080004f1   Thumb Code     2  startup_stm32f411xe.o(.text)
    ADC_IRQHandler                           0x080004f3   Thumb Code     0  startup_stm32f411xe.o(.text)
    DMA1_Stream0_IRQHandler                  0x080004f3   Thumb Code     0  startup_stm32f411xe.o(.text)
    DMA1_Stream1_IRQHandler                  0x080004f3   Thumb Code     0  startup_stm32f411xe.o(.text)
    DMA1_Stream2_IRQHandler                  0x080004f3   Thumb Code     0  startup_stm32f411xe.o(.text)
    DMA1_Stream3_IRQHandler                  0x080004f3   Thumb Code     0  startup_stm32f411xe.o(.text)
    DMA1_Stream4_IRQHandler                  0x080004f3   Thumb Code     0  startup_stm32f411xe.o(.text)
    DMA1_Stream5_IRQHandler                  0x080004f3   Thumb Code     0  startup_stm32f411xe.o(.text)
    DMA1_Stream6_IRQHandler                  0x080004f3   Thumb Code     0  startup_stm32f411xe.o(.text)
    DMA1_Stream7_IRQHandler                  0x080004f3   Thumb Code     0  startup_stm32f411xe.o(.text)
    DMA2_Stream0_IRQHandler                  0x080004f3   Thumb Code     0  startup_stm32f411xe.o(.text)
    DMA2_Stream1_IRQHandler                  0x080004f3   Thumb Code     0  startup_stm32f411xe.o(.text)
    DMA2_Stream2_IRQHandler                  0x080004f3   Thumb Code     0  startup_stm32f411xe.o(.text)
    DMA2_Stream3_IRQHandler                  0x080004f3   Thumb Code     0  startup_stm32f411xe.o(.text)
    DMA2_Stream4_IRQHandler                  0x080004f3   Thumb Code     0  startup_stm32f411xe.o(.text)
    DMA2_Stream5_IRQHandler                  0x080004f3   Thumb Code     0  startup_stm32f411xe.o(.text)
    DMA2_Stream6_IRQHandler                  0x080004f3   Thumb Code     0  startup_stm32f411xe.o(.text)
    DMA2_Stream7_IRQHandler                  0x080004f3   Thumb Code     0  startup_stm32f411xe.o(.text)
    EXTI0_IRQHandler                         0x080004f3   Thumb Code     0  startup_stm32f411xe.o(.text)
    EXTI15_10_IRQHandler                     0x080004f3   Thumb Code     0  startup_stm32f411xe.o(.text)
    EXTI1_IRQHandler                         0x080004f3   Thumb Code     0  startup_stm32f411xe.o(.text)
    EXTI2_IRQHandler                         0x080004f3   Thumb Code     0  startup_stm32f411xe.o(.text)
    EXTI3_IRQHandler                         0x080004f3   Thumb Code     0  startup_stm32f411xe.o(.text)
    EXTI4_IRQHandler                         0x080004f3   Thumb Code     0  startup_stm32f411xe.o(.text)
    EXTI9_5_IRQHandler                       0x080004f3   Thumb Code     0  startup_stm32f411xe.o(.text)
    FLASH_IRQHandler                         0x080004f3   Thumb Code     0  startup_stm32f411xe.o(.text)
    FPU_IRQHandler                           0x080004f3   Thumb Code     0  startup_stm32f411xe.o(.text)
    I2C1_ER_IRQHandler                       0x080004f3   Thumb Code     0  startup_stm32f411xe.o(.text)
    I2C1_EV_IRQHandler                       0x080004f3   Thumb Code     0  startup_stm32f411xe.o(.text)
    I2C2_ER_IRQHandler                       0x080004f3   Thumb Code     0  startup_stm32f411xe.o(.text)
    I2C2_EV_IRQHandler                       0x080004f3   Thumb Code     0  startup_stm32f411xe.o(.text)
    I2C3_ER_IRQHandler                       0x080004f3   Thumb Code     0  startup_stm32f411xe.o(.text)
    I2C3_EV_IRQHandler                       0x080004f3   Thumb Code     0  startup_stm32f411xe.o(.text)
    OTG_FS_IRQHandler                        0x080004f3   Thumb Code     0  startup_stm32f411xe.o(.text)
    OTG_FS_WKUP_IRQHandler                   0x080004f3   Thumb Code     0  startup_stm32f411xe.o(.text)
    PVD_IRQHandler                           0x080004f3   Thumb Code     0  startup_stm32f411xe.o(.text)
    RCC_IRQHandler                           0x080004f3   Thumb Code     0  startup_stm32f411xe.o(.text)
    RTC_Alarm_IRQHandler                     0x080004f3   Thumb Code     0  startup_stm32f411xe.o(.text)
    RTC_WKUP_IRQHandler                      0x080004f3   Thumb Code     0  startup_stm32f411xe.o(.text)
    SDIO_IRQHandler                          0x080004f3   Thumb Code     0  startup_stm32f411xe.o(.text)
    SPI1_IRQHandler                          0x080004f3   Thumb Code     0  startup_stm32f411xe.o(.text)
    SPI2_IRQHandler                          0x080004f3   Thumb Code     0  startup_stm32f411xe.o(.text)
    SPI3_IRQHandler                          0x080004f3   Thumb Code     0  startup_stm32f411xe.o(.text)
    SPI4_IRQHandler                          0x080004f3   Thumb Code     0  startup_stm32f411xe.o(.text)
    SPI5_IRQHandler                          0x080004f3   Thumb Code     0  startup_stm32f411xe.o(.text)
    TAMP_STAMP_IRQHandler                    0x080004f3   Thumb Code     0  startup_stm32f411xe.o(.text)
    TIM1_BRK_TIM9_IRQHandler                 0x080004f3   Thumb Code     0  startup_stm32f411xe.o(.text)
    TIM1_CC_IRQHandler                       0x080004f3   Thumb Code     0  startup_stm32f411xe.o(.text)
    TIM1_TRG_COM_TIM11_IRQHandler            0x080004f3   Thumb Code     0  startup_stm32f411xe.o(.text)
    TIM1_UP_TIM10_IRQHandler                 0x080004f3   Thumb Code     0  startup_stm32f411xe.o(.text)
    TIM2_IRQHandler                          0x080004f3   Thumb Code     0  startup_stm32f411xe.o(.text)
    TIM3_IRQHandler                          0x080004f3   Thumb Code     0  startup_stm32f411xe.o(.text)
    TIM4_IRQHandler                          0x080004f3   Thumb Code     0  startup_stm32f411xe.o(.text)
    TIM5_IRQHandler                          0x080004f3   Thumb Code     0  startup_stm32f411xe.o(.text)
    USART1_IRQHandler                        0x080004f3   Thumb Code     0  startup_stm32f411xe.o(.text)
    USART2_IRQHandler                        0x080004f3   Thumb Code     0  startup_stm32f411xe.o(.text)
    USART6_IRQHandler                        0x080004f3   Thumb Code     0  startup_stm32f411xe.o(.text)
    WWDG_IRQHandler                          0x080004f3   Thumb Code     0  startup_stm32f411xe.o(.text)
    __user_initial_stackheap                 0x080004f5   Thumb Code     0  startup_stm32f411xe.o(.text)
    __use_two_region_memory                  0x08000519   Thumb Code     2  heapauxi.o(.text)
    __rt_heap_escrow$2region                 0x0800051b   Thumb Code     2  heapauxi.o(.text)
    __rt_heap_expand$2region                 0x0800051d   Thumb Code     2  heapauxi.o(.text)
    SystemInit                               0x08000521   Thumb Code     2  system_stm32f4xx.o(.text.SystemInit)
    DIO_Hardware_Map                         0x08000524   Data           0  dio.o(.rodata)
    PinConfigTable                           0x08000534   Data           0  port.o(.rodata)



==============================================================================

Memory Map of the image

  Image Entry point : 0x080004d9

  Load Region LR_1 (Base: 0x08000000, Size: 0x00000540, Max: 0xffffffff, ABSOLUTE)

    Execution Region ER_RO (Exec base: 0x08000000, Load base: 0x08000000, Size: 0x00000540, Max: 0xffffffff, ABSOLUTE)

    Exec Addr    Load Addr    Size         Type   Attr      Idx    E Section Name        Object

    0x08000000   0x08000000   0x00000198   Data   RO           27    RESET               startup_stm32f411xe.o
    0x08000198   0x08000198   0x00000070   Code   RO            2    .text               dio.o
    0x08000208   0x08000208   0x00000038   Code   RO            8    .text               main.o
    0x08000240   0x08000240   0x000000f8   Code   RO           13    .text               port.o
    0x08000338   0x08000338   0x000000b0   Code   RO           17    .text               rcc.o
    0x080003e8   0x080003e8   0x000000f0   Code   RO           21    .text               systick.o
    0x080004d8   0x080004d8   0x00000040   Code   RO           28  * .text               startup_stm32f411xe.o
    0x08000518   0x08000518   0x00000006   Code   RO           48    .text               c_w.l(heapauxi.o)
    0x0800051e   0x0800051e   0x00000002   PAD
    0x08000520   0x08000520   0x00000002   Code   RO           33    .text.SystemInit    system_stm32f4xx.o
    0x08000522   0x08000522   0x00000002   PAD
    0x08000524   0x08000524   0x00000010   Data   RO            1    .rodata             dio.o
    0x08000534   0x08000534   0x0000000c   Data   RO           12    .rodata             port.o


    Execution Region ER_RW (Exec base: 0x20000000, Load base: 0x08000540, Size: 0x00000000, Max: 0xffffffff, ABSOLUTE)

    **** No section assigned to this execution region ****


    Execution Region ER_ZI (Exec base: 0x20000000, Load base: 0x08000540, Size: 0x00000600, Max: 0xffffffff, ABSOLUTE)

    Exec Addr    Load Addr    Size         Type   Attr      Idx    E Section Name        Object

    0x20000000        -       0x00000200   Zero   RW           26    HEAP                startup_stm32f411xe.o
    0x20000200        -       0x00000400   Zero   RW           25    STACK               startup_stm32f411xe.o


==============================================================================

Image component sizes


      Code (inc. data)   RO Data    RW Data    ZI Data      Debug   Object Name

       112          6         16          0          0        660   dio.o
        56          6          0          0          0        456   main.o
       248         10         12          0          0        484   port.o
       176         16          0          0          0        600   rcc.o
        64         26        408          0       1536        880   startup_stm32f411xe.o
         2          0          0          0          0       2184   system_stm32f4xx.o
       240         18          0          0          0        592   systick.o

    ----------------------------------------------------------------------
       900         82        436          0       1536       5856   Object Totals
         0          0          0          0          0          0   (incl. Generated)
         2          0          0          0          0          0   (incl. Padding)

    ----------------------------------------------------------------------

      Code (inc. data)   RO Data    RW Data    ZI Data      Debug   Library Member Name

         6          0          0          0          0        152   heapauxi.o

    ----------------------------------------------------------------------
         8          0          0          0          0        152   Library Totals
         2          0          0          0          0          0   (incl. Padding)

    ----------------------------------------------------------------------

      Code (inc. data)   RO Data    RW Data    ZI Data      Debug   Library Name

         6          0          0          0          0        152   c_w.l

    ----------------------------------------------------------------------
         8          0          0          0          0        152   Library Totals

    ----------------------------------------------------------------------

==============================================================================


      Code (inc. data)   RO Data    RW Data    ZI Data      Debug   

       908         82        436          0       1536       5508   Grand Totals
       908         82        436          0       1536       5508   ELF Image Totals
       908         82        436          0          0          0   ROM Totals

==============================================================================

    Total RO  Size (Code + RO Data)                 1344 (   1.31kB)
    Total RW  Size (RW Data + ZI Data)              1536 (   1.50kB)
    Total ROM Size (Code + RO Data + RW Data)       1344 (   1.31kB)

==============================================================================

