<html>
<body>
<pre>
<h1>µVision Build Log</h1>
<h2>Tool Versions:</h2>
IDE-Version: µVision V5.43.1.0
Copyright (C) 2025 ARM Ltd and ARM Germany GmbH. All rights reserved.
License Information: Seif Seif0, Cairo University, LIC=----
 
Tool Versions:
Toolchain:       MDK-Lite  Version: 5.43.0.0
Toolchain Path:  C:\Users\Seif0\AppData\Local\Keil_v5\ARM\ARMCLANG\Bin
C Compiler:      ArmClang.exe V6.24
Assembler:       Armasm.exe V6.24
Linker/Locator:  ArmLink.exe V6.24
Library Manager: ArmAr.exe V6.24
Hex Converter:   FromElf.exe V6.24
CPU DLL:         SARMCM3.DLL V5.43.0.0
Dialog DLL:      DCM.DLL V1.17.5.0
Target DLL:      UL2CM3.DLL V1.164.16.0
Dialog DLL:      TCM.DLL V1.56.6.0
 
<h2>Project:</h2>
D:\College ref&Lec\6th semester\MicroIbrahim\blackpill_STM32F411CE\project.uvprojx
Project File Date:  03/18/2026

<h2>Output:</h2>
*** Using Compiler 'V6.24', folder: 'C:\Users\Seif0\AppData\Local\Keil_v5\ARM\ARMCLANG\Bin'
Rebuild target 'Target_1'
armclang: warning: argument unused during compilation: '-D __UVISION_VERSION=543' [-Wunused-command-line-argument]
assembling dio.asm...
assembling startup_stm32f411xe.s...
compiling system_stm32f4xx.c...
armclang: warning: argument unused during compilation: '-D __UVISION_VERSION=543' [-Wunused-command-line-argument]
assembling port.asm...
armclang: warning: argument unused during compilation: '-D __UVISION_VERSION=543' [-Wunused-command-line-argument]
"src/rcc.asm", line 14: Warning: A1876W: Use of '|' as a synonym for the :OR: operator is deprecated.
   14 00000000 RCC_PLLCFGR_VALUE EQU (PLL_M | PLL_N | PLL_P | PLL_SRC | PLL_Q) ; Combined PLL configuration value
0 Errors, 1 Warning
assembling rcc.asm...
armclang: warning: argument unused during compilation: '-D __UVISION_VERSION=543' [-Wunused-command-line-argument]
assembling main.asm...
armclang: warning: argument unused during compilation: '-D __UVISION_VERSION=543' [-Wunused-command-line-argument]
assembling SysTick.asm...
linking...
Program Size: Code=908 RO-data=436 RW-data=0 ZI-data=1536  
".\project.axf" - 0 Error(s), 5 Warning(s).

<h2>Software Packages used:</h2>

Package Vendor: ARM
                https://www.keil.com/pack/ARM.CMSIS.6.2.0.pack
                ARM::CMSIS@6.2.0
                CMSIS (Common Microcontroller Software Interface Standard)
   * Component: CORE Version: 6.1.1

Package Vendor: Keil
                https://www.keil.com/pack/Keil.STM32F4xx_DFP.2.17.1.pack
                Keil::STM32F4xx_DFP@2.17.1
                STMicroelectronics STM32F4 Series Device Support, Drivers and Examples
   * Component: Startup Version: 2.6.3

<h2>Collection of Component include folders:</h2>
  ./RTE/_Target_1
  C:/Users/Seif0/AppData/Local/Arm/Packs/ARM/CMSIS/6.2.0/CMSIS/Core/Include
  C:/Users/Seif0/AppData/Local/Arm/Packs/Keil/STM32F4xx_DFP/2.17.1/Drivers/CMSIS/Device/ST/STM32F4xx/Include

<h2>Collection of Component Files used:</h2>

   * Component: ARM::CMSIS:CORE@6.1.1

   * Component: Keil::Device:Startup@2.6.3
      Source file:   MDK/Device/Source/ARM/STM32F411xx_OPT.s
      Source file:   Drivers/CMSIS/Device/ST/STM32F4xx/Source/Templates/arm/startup_stm32f411xe.s
      Source file:   MDK/Device/Source/ARM/STM32F4xx_OTP.s
      Include file:  Drivers/CMSIS/Device/ST/STM32F4xx/Include/stm32f4xx.h
      Source file:   Drivers/CMSIS/Device/ST/STM32F4xx/Source/Templates/system_stm32f4xx.c
Build Time Elapsed:  00:00:00
</pre>
</body>
</html>
