Component: Arm Compiler for Embedded 6.24 Tool: armlink [5f371500]

==============================================================================

Section Cross References

    port.o(.text) refers to rcc.o(.text) for RCC_AHB1_Enable
    dio.o(.text) refers to dio.o(.rodata) for DIO_Hardware_Map
    adc.o(.text) refers to rcc.o(.text) for RCC_APB2_Enable
    keypad.o(.text) refers (Special) to adc.o(.text) for ADC_Read
    stepper.o(.text) refers to timer.o(.text) for TIM3_PWM_Init
    stepper.o(.text) refers to dio.o(.text) for DIO_WriteLogical
    tof400f_driver.o(.text) refers to rcc.o(.text) for RCC_APB2_Enable
    tof400f_driver.o(.text) refers to tof400f_driver.o(.data) for rx_buffer
    i2c.o(.text) refers to rcc.o(.text) for RCC_APB1_Enable
    rtc_driver.o(.text) refers to rcc.o(.text) for RCC_APB1_Enable
    rtc_driver.o(.text) refers to rtc_driver.o(.data) for Time_String
    rtc_driver.o(.text) refers to rtc_driver.o(.rodata) for Day_Pointer_Table
    sh1106_driver.o(.text) refers to i2c.o(.text) for I2C1_Start
    sh1106_driver.o(.text) refers to sh1106_driver.o(.data) for OLED_Buffer
    sh1106_driver.o(.text) refers to sh1106_driver.o(.rodata) for Font5x7
    ui_driver.o(.text) refers to sh1106_driver.o(.text) for OLED_DrawBitmap
    ui_driver.o(.text) refers to rtc_driver.o(.text) for RTC_GetTimeString
    ui_driver.o(.text) refers to ui_driver.o(.data) for UI_CurrentFloor
    ui_driver.o(.text) refers to bitmaps.o(.rodata) for bmp_digit_0
    ui_driver.o(.text) refers to ui_driver.o(.rodata) for str_locked
    main.o(.data) refers (Special) to adc.o(.text) for ADC_Read_Channel
    main.o(.data) refers (Special) to dio.o(.text) for DIO_ReadLogical
    main.o(.data) refers (Special) to i2c.o(.text) for I2C1_Init
    main.o(.data) refers (Special) to keypad.o(.text) for Keys_init
    main.o(.data) refers (Special) to sh1106_driver.o(.text) for OLED_ClearBuffer
    main.o(.data) refers (Special) to rtc_driver.o(.text) for RTC_Init
    main.o(.data) refers (Special) to stepper.o(.text) for Stepper_Init
    main.o(.data) refers (Special) to tof400f_driver.o(.text) for TOF_Init
    main.o(.data) refers (Special) to ui_driver.o(.text) for UI_Init
    main.o(.text) refers (Special) to adc.o(.text) for ADC_Read_Channel
    main.o(.text) refers (Special) to dio.o(.text) for DIO_ReadLogical
    main.o(.text) refers (Special) to i2c.o(.text) for I2C1_Init
    main.o(.text) refers (Special) to keypad.o(.text) for Keys_init
    main.o(.text) refers (Special) to sh1106_driver.o(.text) for OLED_ClearBuffer
    main.o(.text) refers (Special) to rtc_driver.o(.text) for RTC_Init
    main.o(.text) refers (Special) to stepper.o(.text) for Stepper_Init
    main.o(.text) refers (Special) to tof400f_driver.o(.text) for TOF_Init
    main.o(.text) refers (Special) to ui_driver.o(.text) for UI_Init
    main.o(.text) refers to rcc.o(.text) for PLLInit
    main.o(.text) refers to port.o(.text) for GPIO_Init_All
    main.o(.text) refers to SysTick.o(.text) for SysTick_Init
    main.o(.text) refers to DFPlayer.o(DFPlayer_Driver) for DFP_Init
    main.o(.text) refers to main.o(.data) for CurrentFloor
    main.o(.text) refers to ui_driver.o(.data) for UI_TargetFloor
    DFPlayer.o(DFPlayer_Driver) refers (Special) to SysTick.o(.text) for SysTick_delay_us
    DFPlayer.o(DFPlayer_Driver) refers to UART1.o(UART_Driver) for UART1_Transmit
    UART1.o(UART_Driver) refers to rcc.o(.text) for RCC_APB2_Enable
    startup_stm32f411xe.o(STACK) refers (Special) to heapauxi.o(.text) for __use_two_region_memory
    startup_stm32f411xe.o(HEAP) refers (Special) to heapauxi.o(.text) for __use_two_region_memory
    startup_stm32f411xe.o(RESET) refers (Special) to heapauxi.o(.text) for __use_two_region_memory
    startup_stm32f411xe.o(RESET) refers to startup_stm32f411xe.o(STACK) for __initial_sp
    startup_stm32f411xe.o(RESET) refers to startup_stm32f411xe.o(.text) for Reset_Handler
    startup_stm32f411xe.o(.text) refers (Special) to heapauxi.o(.text) for __use_two_region_memory
    startup_stm32f411xe.o(.text) refers to system_stm32f4xx.o(.text.SystemInit) for SystemInit
    startup_stm32f411xe.o(.text) refers to __main.o(!!!main) for __main
    startup_stm32f411xe.o(.text) refers to startup_stm32f411xe.o(HEAP) for Heap_Mem
    startup_stm32f411xe.o(.text) refers to startup_stm32f411xe.o(STACK) for Stack_Mem
    system_stm32f4xx.o(.ARM.exidx.text.SystemInit) refers to system_stm32f4xx.o(.text.SystemInit) for [Anonymous Symbol]
    system_stm32f4xx.o(.text.SystemCoreClockUpdate) refers to system_stm32f4xx.o(.data.SystemCoreClock) for SystemCoreClock
    system_stm32f4xx.o(.text.SystemCoreClockUpdate) refers to system_stm32f4xx.o(.rodata.AHBPrescTable) for AHBPrescTable
    system_stm32f4xx.o(.ARM.exidx.text.SystemCoreClockUpdate) refers to system_stm32f4xx.o(.text.SystemCoreClockUpdate) for [Anonymous Symbol]
    __main.o(!!!main) refers to __rtentry.o(.ARM.Collect$$rtentry$$00000000) for __rt_entry
    __rtentry.o(.ARM.Collect$$rtentry$$00000000) refers (Special) to __rtentry2.o(.ARM.Collect$$rtentry$$0000000A) for __rt_entry_li
    __rtentry.o(.ARM.Collect$$rtentry$$00000000) refers (Special) to __rtentry2.o(.ARM.Collect$$rtentry$$0000000D) for __rt_entry_main
    __rtentry.o(.ARM.Collect$$rtentry$$00000000) refers (Special) to __rtentry2.o(.ARM.Collect$$rtentry$$0000000C) for __rt_entry_postli_1
    __rtentry.o(.ARM.Collect$$rtentry$$00000000) refers (Special) to __rtentry2.o(.ARM.Collect$$rtentry$$00000009) for __rt_entry_postsh_1
    __rtentry.o(.ARM.Collect$$rtentry$$00000000) refers (Special) to __rtentry2.o(.ARM.Collect$$rtentry$$00000002) for __rt_entry_presh_1
    __rtentry.o(.ARM.Collect$$rtentry$$00000000) refers (Special) to __rtentry7.o(.ARM.Collect$$rtentry$$00000007) for __rt_entry_sh
    __rtentry2.o(.ARM.Collect$$rtentry$$00000008) refers to boardinit2.o(.text) for _platform_post_stackheap_init
    __rtentry2.o(.ARM.Collect$$rtentry$$0000000A) refers to libinit.o(.ARM.Collect$$libinit$$00000000) for __rt_lib_init
    __rtentry2.o(.ARM.Collect$$rtentry$$0000000B) refers to boardinit3.o(.text) for _platform_post_lib_init
    __rtentry2.o(.ARM.Collect$$rtentry$$0000000D) refers to main.o(.text) for main
    __rtentry2.o(.ARM.Collect$$rtentry$$0000000D) refers to exit.o(.text) for exit
    __rtentry2.o(.ARM.exidx) refers to __rtentry2.o(.ARM.Collect$$rtentry$$00000001) for .ARM.Collect$$rtentry$$00000001
    __rtentry2.o(.ARM.exidx) refers to __rtentry2.o(.ARM.Collect$$rtentry$$00000008) for .ARM.Collect$$rtentry$$00000008
    __rtentry2.o(.ARM.exidx) refers to __rtentry2.o(.ARM.Collect$$rtentry$$0000000A) for .ARM.Collect$$rtentry$$0000000A
    __rtentry2.o(.ARM.exidx) refers to __rtentry2.o(.ARM.Collect$$rtentry$$0000000B) for .ARM.Collect$$rtentry$$0000000B
    __rtentry2.o(.ARM.exidx) refers to __rtentry2.o(.ARM.Collect$$rtentry$$0000000D) for .ARM.Collect$$rtentry$$0000000D
    __rtentry4.o(.ARM.Collect$$rtentry$$00000004) refers to sys_stackheap_outer.o(.text) for __user_setup_stackheap
    __rtentry4.o(.ARM.exidx) refers to __rtentry4.o(.ARM.Collect$$rtentry$$00000004) for .ARM.Collect$$rtentry$$00000004
    __rtentry7.o(.ARM.Collect$$rtentry$$00000007) refers to __rtentry7.o(.ARM.Collect$$rtentry$$00002718) for __lit__00000000
    __rtentry7.o(__vectab_stack_and_reset_2_area) refers to __main.o(!!!main) for __main
    __rtentry7.o(.ARM.exidx) refers to __rtentry7.o(.ARM.Collect$$rtentry$$00000007) for .ARM.Collect$$rtentry$$00000007
    __rtentry7.o(.ARM.exidx) refers to __rtentry7.o(.ARM.Collect$$rtentry$$00002718) for .ARM.Collect$$rtentry$$00002718
    sys_stackheap_outer.o(.text) refers to libspace.o(.text) for __user_perproc_libspace
    sys_stackheap_outer.o(.text) refers to startup_stm32f411xe.o(.text) for __user_initial_stackheap
    exit.o(.text) refers to rtexit.o(.ARM.Collect$$rtexit$$00000000) for __rt_exit
    libinit.o(.ARM.Collect$$libinit$$00000000) refers (Special) to libinit2.o(.ARM.Collect$$libinit$$00000030) for __rt_lib_init_alloca_1
    libinit.o(.ARM.Collect$$libinit$$00000000) refers (Special) to libinit2.o(.ARM.Collect$$libinit$$00000029) for __rt_lib_init_argv_1
    libinit.o(.ARM.Collect$$libinit$$00000000) refers (Special) to libinit2.o(.ARM.Collect$$libinit$$0000001D) for __rt_lib_init_atexit_1
    libinit.o(.ARM.Collect$$libinit$$00000000) refers (Special) to libinit2.o(.ARM.Collect$$libinit$$00000023) for __rt_lib_init_clock_1
    libinit.o(.ARM.Collect$$libinit$$00000000) refers (Special) to libinit2.o(.ARM.Collect$$libinit$$00000034) for __rt_lib_init_cpp_1
    libinit.o(.ARM.Collect$$libinit$$00000000) refers (Special) to libinit2.o(.ARM.Collect$$libinit$$00000032) for __rt_lib_init_exceptions_1
    libinit.o(.ARM.Collect$$libinit$$00000000) refers (Special) to libinit2.o(.ARM.Collect$$libinit$$00000001) for __rt_lib_init_fp_1
    libinit.o(.ARM.Collect$$libinit$$00000000) refers (Special) to libinit2.o(.ARM.Collect$$libinit$$00000021) for __rt_lib_init_fp_trap_1
    libinit.o(.ARM.Collect$$libinit$$00000000) refers (Special) to libinit2.o(.ARM.Collect$$libinit$$00000025) for __rt_lib_init_getenv_1
    libinit.o(.ARM.Collect$$libinit$$00000000) refers (Special) to libinit2.o(.ARM.Collect$$libinit$$0000000C) for __rt_lib_init_heap_1
    libinit.o(.ARM.Collect$$libinit$$00000000) refers (Special) to libinit2.o(.ARM.Collect$$libinit$$00000013) for __rt_lib_init_lc_collate_1
    libinit.o(.ARM.Collect$$libinit$$00000000) refers (Special) to libinit2.o(.ARM.Collect$$libinit$$00000015) for __rt_lib_init_lc_ctype_1
    libinit.o(.ARM.Collect$$libinit$$00000000) refers (Special) to libinit2.o(.ARM.Collect$$libinit$$00000017) for __rt_lib_init_lc_monetary_1
    libinit.o(.ARM.Collect$$libinit$$00000000) refers (Special) to libinit2.o(.ARM.Collect$$libinit$$00000019) for __rt_lib_init_lc_numeric_1
    libinit.o(.ARM.Collect$$libinit$$00000000) refers (Special) to libinit2.o(.ARM.Collect$$libinit$$0000001B) for __rt_lib_init_lc_time_1
    libinit.o(.ARM.Collect$$libinit$$00000000) refers (Special) to libinit2.o(.ARM.Collect$$libinit$$00000006) for __rt_lib_init_preinit_1
    libinit.o(.ARM.Collect$$libinit$$00000000) refers (Special) to libinit2.o(.ARM.Collect$$libinit$$00000010) for __rt_lib_init_rand_1
    libinit.o(.ARM.Collect$$libinit$$00000000) refers (Special) to libinit2.o(.ARM.Collect$$libinit$$00000004) for __rt_lib_init_relocate_pie_1
    libinit.o(.ARM.Collect$$libinit$$00000000) refers (Special) to libinit2.o(.ARM.Collect$$libinit$$00000035) for __rt_lib_init_return
    libinit.o(.ARM.Collect$$libinit$$00000000) refers (Special) to libinit2.o(.ARM.Collect$$libinit$$0000001F) for __rt_lib_init_signal_1
    libinit.o(.ARM.Collect$$libinit$$00000000) refers (Special) to libinit2.o(.ARM.Collect$$libinit$$00000027) for __rt_lib_init_stdio_1
    libinit.o(.ARM.Collect$$libinit$$00000000) refers (Special) to libinit2.o(.ARM.Collect$$libinit$$0000000E) for __rt_lib_init_user_alloc_1
    libspace.o(.text) refers to libspace.o(.bss) for __libspace_start
    rtexit.o(.ARM.Collect$$rtexit$$00000000) refers (Special) to rtexit2.o(.ARM.Collect$$rtexit$$00000004) for __rt_exit_exit
    rtexit.o(.ARM.Collect$$rtexit$$00000000) refers (Special) to rtexit2.o(.ARM.Collect$$rtexit$$00000003) for __rt_exit_ls
    rtexit.o(.ARM.Collect$$rtexit$$00000000) refers (Special) to rtexit2.o(.ARM.Collect$$rtexit$$00000002) for __rt_exit_prels_1
    rtexit.o(.ARM.exidx) refers (Special) to rtexit2.o(.ARM.Collect$$rtexit$$00000004) for __rt_exit_exit
    rtexit.o(.ARM.exidx) refers (Special) to rtexit2.o(.ARM.Collect$$rtexit$$00000003) for __rt_exit_ls
    rtexit.o(.ARM.exidx) refers (Special) to rtexit2.o(.ARM.Collect$$rtexit$$00000002) for __rt_exit_prels_1
    rtexit.o(.ARM.exidx) refers to rtexit.o(.ARM.Collect$$rtexit$$00000000) for .ARM.Collect$$rtexit$$00000000
    libinit2.o(.ARM.Collect$$libinit$$00000001) refers to fpinit.o(x$fpl$fpinit) for _fp_init
    libinit2.o(.ARM.Collect$$libinit$$00000012) refers to libinit2.o(.ARM.Collect$$libinit$$00000011) for .ARM.Collect$$libinit$$00000011
    libinit2.o(.ARM.Collect$$libinit$$00000014) refers to libinit2.o(.ARM.Collect$$libinit$$00000011) for .ARM.Collect$$libinit$$00000011
    libinit2.o(.ARM.Collect$$libinit$$00000016) refers to libinit2.o(.ARM.Collect$$libinit$$00000011) for .ARM.Collect$$libinit$$00000011
    libinit2.o(.ARM.Collect$$libinit$$00000018) refers to libinit2.o(.ARM.Collect$$libinit$$00000011) for .ARM.Collect$$libinit$$00000011
    libinit2.o(.ARM.Collect$$libinit$$0000001A) refers to libinit2.o(.ARM.Collect$$libinit$$00000011) for .ARM.Collect$$libinit$$00000011
    libinit2.o(.ARM.Collect$$libinit$$00000028) refers to argv_veneer.o(.emb_text) for __ARM_argv_veneer
    libinit2.o(.ARM.Collect$$libinit$$00000029) refers to argv_veneer.o(.emb_text) for __ARM_argv_veneer
    libinit5.o(.ARM.Collect$$libinit$$0000000A) refers to libinit5.o(.ARM.Collect$$libinit$$0000271B) for __lit__00000000
    libinit5.o(.ARM.Collect$$libinit$$0000002C) refers to libinit5.o(.ARM.Collect$$libinit$$0000273D) for __lit__00000002
    libinit5.o(.ARM.Collect$$libinit$$0000002C) refers to argv_veneer.o(.emb_text) for __ARM_argv_veneer
    rtexit2.o(.ARM.Collect$$rtexit$$00000003) refers to libshutdown.o(.ARM.Collect$$libshutdown$$00000000) for __rt_lib_shutdown
    rtexit2.o(.ARM.Collect$$rtexit$$00000004) refers to sys_exit.o(.text) for _sys_exit
    rtexit2.o(.ARM.exidx) refers to rtexit2.o(.ARM.Collect$$rtexit$$00000001) for .ARM.Collect$$rtexit$$00000001
    rtexit2.o(.ARM.exidx) refers to rtexit2.o(.ARM.Collect$$rtexit$$00000003) for .ARM.Collect$$rtexit$$00000003
    rtexit2.o(.ARM.exidx) refers to rtexit2.o(.ARM.Collect$$rtexit$$00000004) for .ARM.Collect$$rtexit$$00000004
    argv_veneer.o(.emb_text) refers to _get_argv_nomalloc.o(.text) for __ARM_get_argv
    sys_exit.o(.text) refers (Special) to use_no_semi.o(.text) for __I$use$semihosting
    sys_exit.o(.text) refers (Special) to indicate_semi.o(.text) for __semihosting_library_function
    sys_exit_hlt.o(.text) refers (Special) to use_no_semi.o(.text) for __I$use$semihosting
    sys_exit_hlt.o(.text) refers (Special) to indicate_semi.o(.text) for __semihosting_library_function
    _get_argv_nomalloc.o(.text) refers (Special) to hrguard.o(.text) for __heap_region$guard
    _get_argv_nomalloc.o(.text) refers to defsig_rtmem_outer.o(.text) for __rt_SIGRTMEM
    _get_argv_nomalloc.o(.text) refers to startup_stm32f411xe.o(.text) for _sys_command_string
    libshutdown.o(.ARM.Collect$$libshutdown$$00000000) refers (Special) to libshutdown2.o(.ARM.Collect$$libshutdown$$00000002) for __rt_lib_shutdown_cpp_1
    libshutdown.o(.ARM.Collect$$libshutdown$$00000000) refers (Special) to libshutdown2.o(.ARM.Collect$$libshutdown$$00000007) for __rt_lib_shutdown_fp_trap_1
    libshutdown.o(.ARM.Collect$$libshutdown$$00000000) refers (Special) to libshutdown2.o(.ARM.Collect$$libshutdown$$0000000F) for __rt_lib_shutdown_heap_1
    libshutdown.o(.ARM.Collect$$libshutdown$$00000000) refers (Special) to libshutdown2.o(.ARM.Collect$$libshutdown$$00000010) for __rt_lib_shutdown_return
    libshutdown.o(.ARM.Collect$$libshutdown$$00000000) refers (Special) to libshutdown2.o(.ARM.Collect$$libshutdown$$0000000A) for __rt_lib_shutdown_signal_1
    libshutdown.o(.ARM.Collect$$libshutdown$$00000000) refers (Special) to libshutdown2.o(.ARM.Collect$$libshutdown$$00000004) for __rt_lib_shutdown_stdio_1
    libshutdown.o(.ARM.Collect$$libshutdown$$00000000) refers (Special) to libshutdown2.o(.ARM.Collect$$libshutdown$$0000000C) for __rt_lib_shutdown_user_alloc_1
    defsig_rtmem_outer.o(.text) refers to defsig_rtmem_inner.o(.text) for __rt_SIGRTMEM_inner
    defsig_rtmem_outer.o(.text) refers to defsig_exit.o(.text) for __sig_exit
    defsig_rtmem_formal.o(.text) refers to rt_raise.o(.text) for __rt_raise
    rt_raise.o(.text) refers to __raise.o(.text) for __raise
    rt_raise.o(.text) refers to sys_exit.o(.text) for _sys_exit
    defsig_exit.o(.text) refers to sys_exit.o(.text) for _sys_exit
    defsig_rtmem_inner.o(.text) refers to defsig_general.o(.text) for __default_signal_display
    __raise.o(.text) refers to defsig.o(CL$$defsig) for __default_signal_handler
    defsig_general.o(.text) refers to sys_wrch.o(.text) for _ttywrch
    sys_wrch.o(.text) refers (Special) to use_no_semi.o(.text) for __I$use$semihosting
    sys_wrch.o(.text) refers (Special) to indicate_semi.o(.text) for __semihosting_library_function
    sys_wrch_hlt.o(.text) refers (Special) to use_no_semi.o(.text) for __I$use$semihosting
    sys_wrch_hlt.o(.text) refers (Special) to indicate_semi.o(.text) for __semihosting_library_function
    defsig.o(CL$$defsig) refers to defsig_rtmem_inner.o(.text) for __rt_SIGRTMEM_inner
    defsig_abrt_inner.o(.text) refers to defsig_general.o(.text) for __default_signal_display
    defsig_fpe_inner.o(.text) refers to defsig_general.o(.text) for __default_signal_display
    defsig_rtred_inner.o(.text) refers to defsig_general.o(.text) for __default_signal_display
    defsig_stak_inner.o(.text) refers to defsig_general.o(.text) for __default_signal_display
    defsig_pvfn_inner.o(.text) refers to defsig_general.o(.text) for __default_signal_display
    defsig_cppl_inner.o(.text) refers to defsig_general.o(.text) for __default_signal_display
    defsig_segv_inner.o(.text) refers to defsig_general.o(.text) for __default_signal_display
    defsig_other.o(.text) refers to defsig_general.o(.text) for __default_signal_display


==============================================================================

Removing Unused input sections from the image.

    Removing system_stm32f4xx.o(.text), (0 bytes).
    Removing system_stm32f4xx.o(.ARM.exidx.text.SystemInit), (8 bytes).
    Removing system_stm32f4xx.o(.text.SystemCoreClockUpdate), (134 bytes).
    Removing system_stm32f4xx.o(.ARM.exidx.text.SystemCoreClockUpdate), (8 bytes).
    Removing system_stm32f4xx.o(.data.SystemCoreClock), (4 bytes).
    Removing system_stm32f4xx.o(.rodata.AHBPrescTable), (16 bytes).
    Removing system_stm32f4xx.o(.rodata.APBPrescTable), (8 bytes).

7 unused section(s) (total 178 bytes) removed from the image.

==============================================================================

Image Symbol Table

    Local Symbols

    Symbol Name                              Value     Ov Type        Size  Object(Section)

    ../clib/angel/boardlib.s                 0x00000000   Number         0  boardinit1.o ABSOLUTE
    ../clib/angel/boardlib.s                 0x00000000   Number         0  boardinit2.o ABSOLUTE
    ../clib/angel/boardlib.s                 0x00000000   Number         0  boardinit3.o ABSOLUTE
    ../clib/angel/boardlib.s                 0x00000000   Number         0  boardshut.o ABSOLUTE
    ../clib/angel/dczerorl.s                 0x00000000   Number         0  __dczerorl.o ABSOLUTE
    ../clib/angel/handlers.s                 0x00000000   Number         0  __scatter_zi.o ABSOLUTE
    ../clib/angel/kernel.s                   0x00000000   Number         0  __rtentry.o ABSOLUTE
    ../clib/angel/kernel.s                   0x00000000   Number         0  __rtentry2.o ABSOLUTE
    ../clib/angel/kernel.s                   0x00000000   Number         0  __rtentry4.o ABSOLUTE
    ../clib/angel/kernel.s                   0x00000000   Number         0  __rtentry7.o ABSOLUTE
    ../clib/angel/kernel.s                   0x00000000   Number         0  rtexit.o ABSOLUTE
    ../clib/angel/kernel.s                   0x00000000   Number         0  rtexit2.o ABSOLUTE
    ../clib/angel/rt.s                       0x00000000   Number         0  rt_raise.o ABSOLUTE
    ../clib/angel/scatter.s                  0x00000000   Number         0  __scatter.o ABSOLUTE
    ../clib/angel/startup.s                  0x00000000   Number         0  __main.o ABSOLUTE
    ../clib/angel/sys.s                      0x00000000   Number         0  sys_stackheap_outer.o ABSOLUTE
    ../clib/angel/sys.s                      0x00000000   Number         0  libspace.o ABSOLUTE
    ../clib/angel/sys.s                      0x00000000   Number         0  use_no_semi.o ABSOLUTE
    ../clib/angel/sys.s                      0x00000000   Number         0  indicate_semi.o ABSOLUTE
    ../clib/angel/sysapp.c                   0x00000000   Number         0  sys_exit.o ABSOLUTE
    ../clib/angel/sysapp.c                   0x00000000   Number         0  sys_exit_hlt.o ABSOLUTE
    ../clib/angel/sysapp.c                   0x00000000   Number         0  sys_wrch.o ABSOLUTE
    ../clib/angel/sysapp.c                   0x00000000   Number         0  sys_wrch_hlt.o ABSOLUTE
    ../clib/armsys.c                         0x00000000   Number         0  argv_veneer.o ABSOLUTE
    ../clib/armsys.c                         0x00000000   Number         0  argv_veneer.o ABSOLUTE
    ../clib/armsys.c                         0x00000000   Number         0  _get_argv_nomalloc.o ABSOLUTE
    ../clib/armsys.c                         0x00000000   Number         0  no_argv.o ABSOLUTE
    ../clib/heapalloc.c                      0x00000000   Number         0  hrguard.o ABSOLUTE
    ../clib/heapaux.c                        0x00000000   Number         0  heapauxi.o ABSOLUTE
    ../clib/libinit.s                        0x00000000   Number         0  libinit.o ABSOLUTE
    ../clib/libinit.s                        0x00000000   Number         0  libinit2.o ABSOLUTE
    ../clib/libinit.s                        0x00000000   Number         0  libinit5.o ABSOLUTE
    ../clib/libinit.s                        0x00000000   Number         0  libshutdown.o ABSOLUTE
    ../clib/libinit.s                        0x00000000   Number         0  libshutdown2.o ABSOLUTE
    ../clib/signal.c                         0x00000000   Number         0  defsig_rtmem_outer.o ABSOLUTE
    ../clib/signal.c                         0x00000000   Number         0  defsig_rtmem_formal.o ABSOLUTE
    ../clib/signal.c                         0x00000000   Number         0  defsig_exit.o ABSOLUTE
    ../clib/signal.c                         0x00000000   Number         0  defsig_rtmem_inner.o ABSOLUTE
    ../clib/signal.c                         0x00000000   Number         0  __raise.o ABSOLUTE
    ../clib/signal.c                         0x00000000   Number         0  defsig_general.o ABSOLUTE
    ../clib/signal.c                         0x00000000   Number         0  defsig_abrt_inner.o ABSOLUTE
    ../clib/signal.c                         0x00000000   Number         0  defsig_fpe_inner.o ABSOLUTE
    ../clib/signal.c                         0x00000000   Number         0  defsig_rtred_inner.o ABSOLUTE
    ../clib/signal.c                         0x00000000   Number         0  defsig_stak_inner.o ABSOLUTE
    ../clib/signal.c                         0x00000000   Number         0  defsig_pvfn_inner.o ABSOLUTE
    ../clib/signal.c                         0x00000000   Number         0  defsig_cppl_inner.o ABSOLUTE
    ../clib/signal.c                         0x00000000   Number         0  defsig_segv_inner.o ABSOLUTE
    ../clib/signal.c                         0x00000000   Number         0  defsig_other.o ABSOLUTE
    ../clib/signal.s                         0x00000000   Number         0  defsig.o ABSOLUTE
    ../clib/stdlib.c                         0x00000000   Number         0  exit.o ABSOLUTE
    ../fplib/fpinit.s                        0x00000000   Number         0  fpinit.o ABSOLUTE
    /home/ibrahim-mohsen/Microprocessors_keil/blackpill_STM32F411CE/RTE/Device/STM32F411CEUx/startup_stm32f411xe.s 0x00000000   Number         0  startup_stm32f411xe.o ABSOLUTE
    /home/ibrahim-mohsen/Microprocessors_keil/blackpill_STM32F411CE/src/DFPlayer.s 0x00000000   Number         0  DFPlayer.o ABSOLUTE
    /home/ibrahim-mohsen/Microprocessors_keil/blackpill_STM32F411CE/src/DFPlayer_defs.s 0x00000000   Number         0  DFPlayer_defs.o ABSOLUTE
    /home/ibrahim-mohsen/Microprocessors_keil/blackpill_STM32F411CE/src/SysTick.asm 0x00000000   Number         0  SysTick.o ABSOLUTE
    /home/ibrahim-mohsen/Microprocessors_keil/blackpill_STM32F411CE/src/UART1.s 0x00000000   Number         0  UART1.o ABSOLUTE
    /home/ibrahim-mohsen/Microprocessors_keil/blackpill_STM32F411CE/src/UART1_defs.s 0x00000000   Number         0  UART1_defs.o ABSOLUTE
    /home/ibrahim-mohsen/Microprocessors_keil/blackpill_STM32F411CE/src/adc.asm 0x00000000   Number         0  adc.o ABSOLUTE
    /home/ibrahim-mohsen/Microprocessors_keil/blackpill_STM32F411CE/src/bitmaps.asm 0x00000000   Number         0  bitmaps.o ABSOLUTE
    /home/ibrahim-mohsen/Microprocessors_keil/blackpill_STM32F411CE/src/dio.asm 0x00000000   Number         0  dio.o ABSOLUTE
    /home/ibrahim-mohsen/Microprocessors_keil/blackpill_STM32F411CE/src/i2c.asm 0x00000000   Number         0  i2c.o ABSOLUTE
    /home/ibrahim-mohsen/Microprocessors_keil/blackpill_STM32F411CE/src/keypad.asm 0x00000000   Number         0  keypad.o ABSOLUTE
    /home/ibrahim-mohsen/Microprocessors_keil/blackpill_STM32F411CE/src/main.asm 0x00000000   Number         0  main.o ABSOLUTE
    /home/ibrahim-mohsen/Microprocessors_keil/blackpill_STM32F411CE/src/port.asm 0x00000000   Number         0  port.o ABSOLUTE
    /home/ibrahim-mohsen/Microprocessors_keil/blackpill_STM32F411CE/src/rcc.asm 0x00000000   Number         0  rcc.o ABSOLUTE
    /home/ibrahim-mohsen/Microprocessors_keil/blackpill_STM32F411CE/src/rtc_driver.asm 0x00000000   Number         0  rtc_driver.o ABSOLUTE
    /home/ibrahim-mohsen/Microprocessors_keil/blackpill_STM32F411CE/src/sh1106_driver.s 0x00000000   Number         0  sh1106_driver.o ABSOLUTE
    /home/ibrahim-mohsen/Microprocessors_keil/blackpill_STM32F411CE/src/stepper.asm 0x00000000   Number         0  stepper.o ABSOLUTE
    /home/ibrahim-mohsen/Microprocessors_keil/blackpill_STM32F411CE/src/timer.asm 0x00000000   Number         0  timer.o ABSOLUTE
    /home/ibrahim-mohsen/Microprocessors_keil/blackpill_STM32F411CE/src/tof400f_driver.s 0x00000000   Number         0  tof400f_driver.o ABSOLUTE
    /home/ibrahim-mohsen/Microprocessors_keil/blackpill_STM32F411CE/src/ui_driver.s 0x00000000   Number         0  ui_driver.o ABSOLUTE
    dc.s                                     0x00000000   Number         0  dc.o ABSOLUTE
    system_stm32f4xx.c                       0x00000000   Number         0  system_stm32f4xx.o ABSOLUTE
    RESET                                    0x08000000   Section      408  startup_stm32f411xe.o(RESET)
    !!!main                                  0x08000198   Section        8  __main.o(!!!main)
    !!!scatter                               0x080001a0   Section       92  __scatter.o(!!!scatter)
    !!dczerorl                               0x080001fc   Section       58  __dczerorl.o(!!dczerorl)
    !!handler_null                           0x08000238   Section        2  __scatter.o(!!handler_null)
    !!handler_zi                             0x0800023c   Section       28  __scatter_zi.o(!!handler_zi)
    .ARM.Collect$$libinit$$00000000          0x08000258   Section        2  libinit.o(.ARM.Collect$$libinit$$00000000)
    .ARM.Collect$$libinit$$00000001          0x0800025a   Section        4  libinit2.o(.ARM.Collect$$libinit$$00000001)
    .ARM.Collect$$libinit$$00000004          0x0800025e   Section        0  libinit2.o(.ARM.Collect$$libinit$$00000004)
    .ARM.Collect$$libinit$$00000006          0x0800025e   Section        0  libinit2.o(.ARM.Collect$$libinit$$00000006)
    .ARM.Collect$$libinit$$0000000C          0x0800025e   Section        0  libinit2.o(.ARM.Collect$$libinit$$0000000C)
    .ARM.Collect$$libinit$$0000000E          0x0800025e   Section        0  libinit2.o(.ARM.Collect$$libinit$$0000000E)
    .ARM.Collect$$libinit$$00000010          0x0800025e   Section        0  libinit2.o(.ARM.Collect$$libinit$$00000010)
    .ARM.Collect$$libinit$$00000013          0x0800025e   Section        0  libinit2.o(.ARM.Collect$$libinit$$00000013)
    .ARM.Collect$$libinit$$00000015          0x0800025e   Section        0  libinit2.o(.ARM.Collect$$libinit$$00000015)
    .ARM.Collect$$libinit$$00000017          0x0800025e   Section        0  libinit2.o(.ARM.Collect$$libinit$$00000017)
    .ARM.Collect$$libinit$$00000019          0x0800025e   Section        0  libinit2.o(.ARM.Collect$$libinit$$00000019)
    .ARM.Collect$$libinit$$0000001B          0x0800025e   Section        0  libinit2.o(.ARM.Collect$$libinit$$0000001B)
    .ARM.Collect$$libinit$$0000001D          0x0800025e   Section        0  libinit2.o(.ARM.Collect$$libinit$$0000001D)
    .ARM.Collect$$libinit$$0000001F          0x0800025e   Section        0  libinit2.o(.ARM.Collect$$libinit$$0000001F)
    .ARM.Collect$$libinit$$00000021          0x0800025e   Section        0  libinit2.o(.ARM.Collect$$libinit$$00000021)
    .ARM.Collect$$libinit$$00000023          0x0800025e   Section        0  libinit2.o(.ARM.Collect$$libinit$$00000023)
    .ARM.Collect$$libinit$$00000025          0x0800025e   Section        0  libinit2.o(.ARM.Collect$$libinit$$00000025)
    .ARM.Collect$$libinit$$00000027          0x0800025e   Section        0  libinit2.o(.ARM.Collect$$libinit$$00000027)
    .ARM.Collect$$libinit$$00000029          0x0800025e   Section        8  libinit2.o(.ARM.Collect$$libinit$$00000029)
    .ARM.Collect$$libinit$$00000030          0x08000266   Section        0  libinit2.o(.ARM.Collect$$libinit$$00000030)
    .ARM.Collect$$libinit$$00000032          0x08000266   Section        0  libinit2.o(.ARM.Collect$$libinit$$00000032)
    .ARM.Collect$$libinit$$00000034          0x08000266   Section        0  libinit2.o(.ARM.Collect$$libinit$$00000034)
    .ARM.Collect$$libinit$$00000035          0x08000266   Section        2  libinit2.o(.ARM.Collect$$libinit$$00000035)
    .ARM.Collect$$libshutdown$$00000000      0x08000268   Section        2  libshutdown.o(.ARM.Collect$$libshutdown$$00000000)
    .ARM.Collect$$libshutdown$$00000002      0x0800026a   Section        0  libshutdown2.o(.ARM.Collect$$libshutdown$$00000002)
    .ARM.Collect$$libshutdown$$00000004      0x0800026a   Section        0  libshutdown2.o(.ARM.Collect$$libshutdown$$00000004)
    .ARM.Collect$$libshutdown$$00000007      0x0800026a   Section        0  libshutdown2.o(.ARM.Collect$$libshutdown$$00000007)
    .ARM.Collect$$libshutdown$$0000000A      0x0800026a   Section        0  libshutdown2.o(.ARM.Collect$$libshutdown$$0000000A)
    .ARM.Collect$$libshutdown$$0000000C      0x0800026a   Section        0  libshutdown2.o(.ARM.Collect$$libshutdown$$0000000C)
    .ARM.Collect$$libshutdown$$0000000F      0x0800026a   Section        0  libshutdown2.o(.ARM.Collect$$libshutdown$$0000000F)
    .ARM.Collect$$libshutdown$$00000010      0x0800026a   Section        2  libshutdown2.o(.ARM.Collect$$libshutdown$$00000010)
    .ARM.Collect$$rtentry$$00000000          0x0800026c   Section        0  __rtentry.o(.ARM.Collect$$rtentry$$00000000)
    .ARM.Collect$$rtentry$$00000002          0x0800026c   Section        0  __rtentry2.o(.ARM.Collect$$rtentry$$00000002)
    .ARM.Collect$$rtentry$$00000007          0x0800026c   Section        4  __rtentry7.o(.ARM.Collect$$rtentry$$00000007)
    .ARM.Collect$$rtentry$$00000009          0x08000270   Section        0  __rtentry2.o(.ARM.Collect$$rtentry$$00000009)
    .ARM.Collect$$rtentry$$0000000A          0x08000270   Section        4  __rtentry2.o(.ARM.Collect$$rtentry$$0000000A)
    .ARM.Collect$$rtentry$$0000000C          0x08000274   Section        0  __rtentry2.o(.ARM.Collect$$rtentry$$0000000C)
    .ARM.Collect$$rtentry$$0000000D          0x08000274   Section        8  __rtentry2.o(.ARM.Collect$$rtentry$$0000000D)
    __lit__00000000                          0x0800027c   Data           4  __rtentry7.o(.ARM.Collect$$rtentry$$00002718)
    .ARM.Collect$$rtentry$$00002718          0x0800027c   Section        4  __rtentry7.o(.ARM.Collect$$rtentry$$00002718)
    .ARM.Collect$$rtexit$$00000000           0x08000280   Section        2  rtexit.o(.ARM.Collect$$rtexit$$00000000)
    .ARM.Collect$$rtexit$$00000002           0x08000282   Section        0  rtexit2.o(.ARM.Collect$$rtexit$$00000002)
    .ARM.Collect$$rtexit$$00000003           0x08000282   Section        4  rtexit2.o(.ARM.Collect$$rtexit$$00000003)
    .ARM.Collect$$rtexit$$00000004           0x08000286   Section        6  rtexit2.o(.ARM.Collect$$rtexit$$00000004)
    .emb_text                                0x0800028c   Section        4  argv_veneer.o(.emb_text)
    $v0                                      0x08000290   Number         0  rcc.o(.text)
    .text                                    0x08000290   Section      176  rcc.o(.text)
    .text                                    0x08000340   Section      420  port.o(.text)
    $v0                                      0x08000380   Number         0  port.o(.text)
    $v0                                      0x080004e4   Number         0  dio.o(.text)
    .text                                    0x080004e4   Section      120  dio.o(.text)
    $v0                                      0x0800055c   Number         0  SysTick.o(.text)
    .text                                    0x0800055c   Section      240  SysTick.o(.text)
    SysTick_Start                            0x08000583   Thumb Code    26  SysTick.o(.text)
    $v0                                      0x0800064c   Number         0  adc.o(.text)
    .text                                    0x0800064c   Section       76  adc.o(.text)
    $v0                                      0x08000698   Number         0  keypad.o(.text)
    .text                                    0x08000698   Section      458  keypad.o(.text)
    $v0                                      0x08000864   Number         0  stepper.o(.text)
    .text                                    0x08000864   Section       70  stepper.o(.text)
    $v0                                      0x080008ac   Number         0  timer.o(.text)
    .text                                    0x080008ac   Section      220  timer.o(.text)
    $v0                                      0x08000988   Number         0  tof400f_driver.o(.text)
    .text                                    0x08000988   Section      208  tof400f_driver.o(.text)
    tof400f_read_cmd                         0x080009a2   Data           0  tof400f_driver.o(.text)
    cmd_end                                  0x080009aa   Data           0  tof400f_driver.o(.text)
    $v0                                      0x08000a58   Number         0  i2c.o(.text)
    .text                                    0x08000a58   Section      216  i2c.o(.text)
    $v0                                      0x08000b30   Number         0  rtc_driver.o(.text)
    .text                                    0x08000b30   Section      396  rtc_driver.o(.text)
    $v0                                      0x08000cbc   Number         0  sh1106_driver.o(.text)
    .text                                    0x08000cbc   Section      444  sh1106_driver.o(.text)
    OLED_Init_Cmds                           0x08000cf4   Data           0  sh1106_driver.o(.text)
    $v0                                      0x08000e78   Number         0  ui_driver.o(.text)
    .text                                    0x08000e78   Section      480  ui_driver.o(.text)
    UI_DrawLeftPane                          0x08000eb5   Thumb Code   114  ui_driver.o(.text)
    UI_DrawRightPane                         0x08000f27   Thumb Code   222  ui_driver.o(.text)
    $v0                                      0x08001058   Number         0  main.o(.text)
    delay_loop                               0x08001059   Thumb Code     6  main.o(.text)
    .text                                    0x08001058   Section      572  main.o(.text)
    LED_ON_FLOOR                             0x0800105f   Thumb Code    68  main.o(.text)
    START_MOTION_STATE                       0x080010fd   Thumb Code    30  main.o(.text)
    MOVING_STATE                             0x0800111b   Thumb Code   182  main.o(.text)
    STOP_MOTION_STATE                        0x080011d1   Thumb Code    18  main.o(.text)
    IDLE_STATE                               0x080011e3   Thumb Code   156  main.o(.text)
    $v0                                      0x08001294   Number         0  startup_stm32f411xe.o(.text)
    .text                                    0x08001294   Section       72  startup_stm32f411xe.o(.text)
    .text                                    0x080012dc   Section        0  heapauxi.o(.text)
    .text                                    0x080012e2   Section        0  exit.o(.text)
    .text                                    0x080012f4   Section        0  sys_exit.o(.text)
    .text                                    0x08001300   Section        0  _get_argv_nomalloc.o(.text)
    .text                                    0x0800142e   Section        2  use_no_semi.o(.text)
    .text                                    0x08001430   Section        0  indicate_semi.o(.text)
    .text                                    0x08001430   Section        0  hrguard.o(.text)
    .text                                    0x08001434   Section        0  defsig_rtmem_outer.o(.text)
    .text                                    0x08001442   Section        0  defsig_exit.o(.text)
    .text                                    0x0800144c   Section        0  defsig_rtmem_inner.o(.text)
    .text                                    0x0800149c   Section        0  defsig_general.o(.text)
    .text                                    0x080014ce   Section        0  sys_wrch.o(.text)
    [Anonymous Symbol]                       0x080014dc   Section        0  system_stm32f4xx.o(.text.SystemInit)
    $v0                                      0x080014f0   Number         0  DFPlayer.o(DFPlayer_Driver)
    DFP_sendCommand                          0x080014f1   Thumb Code   124  DFPlayer.o(DFPlayer_Driver)
    DFPlayer_Driver                          0x080014f0   Section      432  DFPlayer.o(DFPlayer_Driver)
    $v0                                      0x080016a0   Number         0  UART1.o(UART_Driver)
    UART_Driver                              0x080016a0   Section      276  UART1.o(UART_Driver)
    $v0                                      0x080017b4   Number         0  fpinit.o(x$fpl$fpinit)
    x$fpl$fpinit                             0x080017b4   Section       26  fpinit.o(x$fpl$fpinit)
    .rodata                                  0x080017d0   Section       56  dio.o(.rodata)
    str_err                                  0x08001808   Data           8  rtc_driver.o(.rodata)
    .rodata                                  0x08001808   Section      100  rtc_driver.o(.rodata)
    str_mon                                  0x08001810   Data           7  rtc_driver.o(.rodata)
    str_tue                                  0x08001817   Data           8  rtc_driver.o(.rodata)
    str_wed                                  0x0800181f   Data          10  rtc_driver.o(.rodata)
    str_thu                                  0x08001829   Data           9  rtc_driver.o(.rodata)
    str_fri                                  0x08001832   Data           7  rtc_driver.o(.rodata)
    str_sat                                  0x08001839   Data           9  rtc_driver.o(.rodata)
    str_sun                                  0x08001842   Data           7  rtc_driver.o(.rodata)
    Day_Pointer_Table                        0x0800184c   Data           0  rtc_driver.o(.rodata)
    .rodata                                  0x0800186c   Section      472  sh1106_driver.o(.rodata)
    .rodata                                  0x08001a44   Section      704  bitmaps.o(.rodata)
    str_locked                               0x08001d04   Data           7  ui_driver.o(.rodata)
    .rodata                                  0x08001d04   Section       56  ui_driver.o(.rodata)
    str_scancard                             0x08001d0b   Data          10  ui_driver.o(.rodata)
    str_authorized                           0x08001d15   Data          11  ui_driver.o(.rodata)
    str_selectflr                            0x08001d20   Data          11  ui_driver.o(.rodata)
    str_moving                               0x08001d2b   Data           7  ui_driver.o(.rodata)
    str_target                               0x08001d32   Data           9  ui_driver.o(.rodata)
    rx_buffer                                0x20000000   Data           7  tof400f_driver.o(.data)
    .data                                    0x20000000   Section        7  tof400f_driver.o(.data)
    Time_String                              0x20000008   Data           9  rtc_driver.o(.data)
    .data                                    0x20000008   Section       18  rtc_driver.o(.data)
    Date_String                              0x20000011   Data           9  rtc_driver.o(.data)
    OLED_Buffer                              0x2000001c   Data        1024  sh1106_driver.o(.data)
    .data                                    0x2000001c   Section     1026  sh1106_driver.o(.data)
    Cursor_X                                 0x2000041c   Data           1  sh1106_driver.o(.data)
    Cursor_Y                                 0x2000041d   Data           1  sh1106_driver.o(.data)
    .data                                    0x20000420   Section        5  ui_driver.o(.data)
    UI_SystemState                           0x20000422   Data           1  ui_driver.o(.data)
    Target_String                            0x20000423   Data           2  ui_driver.o(.data)
    CurrentFloor                             0x20000428   Data           4  main.o(.data)
    .data                                    0x20000428   Section        4  main.o(.data)
    Heap_Mem                                 0x20000430   Data         512  startup_stm32f411xe.o(HEAP)
    HEAP                                     0x20000430   Section      512  startup_stm32f411xe.o(HEAP)
    Stack_Mem                                0x20000630   Data        1024  startup_stm32f411xe.o(STACK)
    STACK                                    0x20000630   Section     1024  startup_stm32f411xe.o(STACK)
    __initial_sp                             0x20000a30   Data           0  startup_stm32f411xe.o(STACK)

    Global Symbols

    Symbol Name                              Value     Ov Type        Size  Object(Section)

    BuildAttributes$$THM_ISAv4$E$P$D$K$B$S$7EM$VFPi3$EXTD16$VFPS$VFMA$PE$A:L22UL41UL21$X:L11$S22US41US21$IEEE1$IW$~IW$USESV6$~STKCKD$USESV7$~SHL$OTIME$ROPI$EBA8$UX$STANDARDLIB$REQ8$EABIv2 0x00000000   Number         0  anon$$obj.o ABSOLUTE
    __ARM_exceptions_init                     - Undefined Weak Reference
    __alloca_initialize                       - Undefined Weak Reference
    __arm_preinit_                            - Undefined Weak Reference
    __arm_relocate_pie_                       - Undefined Weak Reference
    __cpp_initialize__aeabi_                  - Undefined Weak Reference
    __cxa_finalize                            - Undefined Weak Reference
    __rt_locale                               - Undefined Weak Reference
    __sigvec_lookup                           - Undefined Weak Reference
    _atexit_init                              - Undefined Weak Reference
    _call_atexit_fns                          - Undefined Weak Reference
    _clock_init                               - Undefined Weak Reference
    _fp_trap_init                             - Undefined Weak Reference
    _fp_trap_shutdown                         - Undefined Weak Reference
    _get_lc_collate                           - Undefined Weak Reference
    _get_lc_ctype                             - Undefined Weak Reference
    _get_lc_monetary                          - Undefined Weak Reference
    _get_lc_numeric                           - Undefined Weak Reference
    _get_lc_time                              - Undefined Weak Reference
    _getenv_init                              - Undefined Weak Reference
    _handle_redirection                       - Undefined Weak Reference
    _init_alloc                               - Undefined Weak Reference
    _init_user_alloc                          - Undefined Weak Reference
    _initio                                   - Undefined Weak Reference
    _rand_init                                - Undefined Weak Reference
    _signal_finish                            - Undefined Weak Reference
    _signal_init                              - Undefined Weak Reference
    _terminate_alloc                          - Undefined Weak Reference
    _terminate_user_alloc                     - Undefined Weak Reference
    _terminateio                              - Undefined Weak Reference
    __Vectors_Size                           0x00000198   Number         0  startup_stm32f411xe.o ABSOLUTE
    __Vectors                                0x08000000   Data           4  startup_stm32f411xe.o(RESET)
    __Vectors_End                            0x08000198   Data           0  startup_stm32f411xe.o(RESET)
    __main                                   0x08000199   Thumb Code     8  __main.o(!!!main)
    __scatterload                            0x080001a1   Thumb Code     0  __scatter.o(!!!scatter)
    __scatterload_rt2                        0x080001a1   Thumb Code    84  __scatter.o(!!!scatter)
    __scatterload_rt2_thumb_only             0x080001a1   Thumb Code     0  __scatter.o(!!!scatter)
    __scatterload_loop                       0x080001ab   Thumb Code     0  __scatter.o(!!!scatter)
    __decompress                             0x080001fd   Thumb Code    58  __dczerorl.o(!!dczerorl)
    __decompress0                            0x080001fd   Thumb Code     0  __dczerorl.o(!!dczerorl)
    __scatterload_null                       0x08000239   Thumb Code     2  __scatter.o(!!handler_null)
    __scatterload_zeroinit                   0x0800023d   Thumb Code    28  __scatter_zi.o(!!handler_zi)
    __rt_lib_init                            0x08000259   Thumb Code     0  libinit.o(.ARM.Collect$$libinit$$00000000)
    __rt_lib_init_fp_1                       0x0800025b   Thumb Code     0  libinit2.o(.ARM.Collect$$libinit$$00000001)
    __rt_lib_init_argv_1                     0x0800025f   Thumb Code     0  libinit2.o(.ARM.Collect$$libinit$$00000029)
    __rt_lib_init_atexit_1                   0x0800025f   Thumb Code     0  libinit2.o(.ARM.Collect$$libinit$$0000001D)
    __rt_lib_init_clock_1                    0x0800025f   Thumb Code     0  libinit2.o(.ARM.Collect$$libinit$$00000023)
    __rt_lib_init_fp_trap_1                  0x0800025f   Thumb Code     0  libinit2.o(.ARM.Collect$$libinit$$00000021)
    __rt_lib_init_getenv_1                   0x0800025f   Thumb Code     0  libinit2.o(.ARM.Collect$$libinit$$00000025)
    __rt_lib_init_heap_1                     0x0800025f   Thumb Code     0  libinit2.o(.ARM.Collect$$libinit$$0000000C)
    __rt_lib_init_heapregion_libspace_used   0x0800025f   Thumb Code     0  libinit2.o(.ARM.Collect$$libinit$$00000029)
    __rt_lib_init_lc_collate_1               0x0800025f   Thumb Code     0  libinit2.o(.ARM.Collect$$libinit$$00000013)
    __rt_lib_init_lc_ctype_1                 0x0800025f   Thumb Code     0  libinit2.o(.ARM.Collect$$libinit$$00000015)
    __rt_lib_init_lc_monetary_1              0x0800025f   Thumb Code     0  libinit2.o(.ARM.Collect$$libinit$$00000017)
    __rt_lib_init_lc_numeric_1               0x0800025f   Thumb Code     0  libinit2.o(.ARM.Collect$$libinit$$00000019)
    __rt_lib_init_lc_time_1                  0x0800025f   Thumb Code     0  libinit2.o(.ARM.Collect$$libinit$$0000001B)
    __rt_lib_init_preinit_1                  0x0800025f   Thumb Code     0  libinit2.o(.ARM.Collect$$libinit$$00000006)
    __rt_lib_init_rand_1                     0x0800025f   Thumb Code     0  libinit2.o(.ARM.Collect$$libinit$$00000010)
    __rt_lib_init_relocate_pie_1             0x0800025f   Thumb Code     0  libinit2.o(.ARM.Collect$$libinit$$00000004)
    __rt_lib_init_signal_1                   0x0800025f   Thumb Code     0  libinit2.o(.ARM.Collect$$libinit$$0000001F)
    __rt_lib_init_stdio_1                    0x0800025f   Thumb Code     0  libinit2.o(.ARM.Collect$$libinit$$00000027)
    __rt_lib_init_user_alloc_1               0x0800025f   Thumb Code     0  libinit2.o(.ARM.Collect$$libinit$$0000000E)
    __rt_lib_init_alloca_1                   0x08000267   Thumb Code     0  libinit2.o(.ARM.Collect$$libinit$$00000030)
    __rt_lib_init_cpp_1                      0x08000267   Thumb Code     0  libinit2.o(.ARM.Collect$$libinit$$00000034)
    __rt_lib_init_exceptions_1               0x08000267   Thumb Code     0  libinit2.o(.ARM.Collect$$libinit$$00000032)
    __rt_lib_init_return                     0x08000267   Thumb Code     0  libinit2.o(.ARM.Collect$$libinit$$00000035)
    __rt_lib_shutdown                        0x08000269   Thumb Code     0  libshutdown.o(.ARM.Collect$$libshutdown$$00000000)
    __rt_lib_shutdown_cpp_1                  0x0800026b   Thumb Code     0  libshutdown2.o(.ARM.Collect$$libshutdown$$00000002)
    __rt_lib_shutdown_fp_trap_1              0x0800026b   Thumb Code     0  libshutdown2.o(.ARM.Collect$$libshutdown$$00000007)
    __rt_lib_shutdown_heap_1                 0x0800026b   Thumb Code     0  libshutdown2.o(.ARM.Collect$$libshutdown$$0000000F)
    __rt_lib_shutdown_return                 0x0800026b   Thumb Code     0  libshutdown2.o(.ARM.Collect$$libshutdown$$00000010)
    __rt_lib_shutdown_signal_1               0x0800026b   Thumb Code     0  libshutdown2.o(.ARM.Collect$$libshutdown$$0000000A)
    __rt_lib_shutdown_stdio_1                0x0800026b   Thumb Code     0  libshutdown2.o(.ARM.Collect$$libshutdown$$00000004)
    __rt_lib_shutdown_user_alloc_1           0x0800026b   Thumb Code     0  libshutdown2.o(.ARM.Collect$$libshutdown$$0000000C)
    __rt_entry                               0x0800026d   Thumb Code     0  __rtentry.o(.ARM.Collect$$rtentry$$00000000)
    __rt_entry_presh_1                       0x0800026d   Thumb Code     0  __rtentry2.o(.ARM.Collect$$rtentry$$00000002)
    __rt_entry_sh                            0x0800026d   Thumb Code     0  __rtentry7.o(.ARM.Collect$$rtentry$$00000007)
    __rt_entry_li                            0x08000271   Thumb Code     0  __rtentry2.o(.ARM.Collect$$rtentry$$0000000A)
    __rt_entry_postsh_1                      0x08000271   Thumb Code     0  __rtentry2.o(.ARM.Collect$$rtentry$$00000009)
    __rt_entry_main                          0x08000275   Thumb Code     0  __rtentry2.o(.ARM.Collect$$rtentry$$0000000D)
    __rt_entry_postli_1                      0x08000275   Thumb Code     0  __rtentry2.o(.ARM.Collect$$rtentry$$0000000C)
    __rt_exit                                0x08000281   Thumb Code     0  rtexit.o(.ARM.Collect$$rtexit$$00000000)
    __rt_exit_ls                             0x08000283   Thumb Code     0  rtexit2.o(.ARM.Collect$$rtexit$$00000003)
    __rt_exit_prels_1                        0x08000283   Thumb Code     0  rtexit2.o(.ARM.Collect$$rtexit$$00000002)
    __rt_exit_exit                           0x08000287   Thumb Code     0  rtexit2.o(.ARM.Collect$$rtexit$$00000004)
    __ARM_argv_veneer                        0x0800028d   Thumb Code     4  argv_veneer.o(.emb_text)
    PLLInit                                  0x08000291   Thumb Code   104  rcc.o(.text)
    RCC_AHB1_Enable                          0x080002f9   Thumb Code    14  rcc.o(.text)
    RCC_AHB2_Enable                          0x08000307   Thumb Code    14  rcc.o(.text)
    RCC_APB1_Enable                          0x08000315   Thumb Code    14  rcc.o(.text)
    RCC_APB2_Enable                          0x08000323   Thumb Code    14  rcc.o(.text)
    PinConfigTable                           0x08000340   Data           0  port.o(.text)
    GPIO_Init_All                            0x08000381   Thumb Code    22  port.o(.text)
    GPIO_Pin_Init                            0x08000397   Thumb Code   324  port.o(.text)
    DIO_WritePin                             0x080004e5   Thumb Code    32  dio.o(.text)
    DIO_ReadPin                              0x08000505   Thumb Code    12  dio.o(.text)
    DIO_TogglePin                            0x08000511   Thumb Code    18  dio.o(.text)
    DIO_WriteLogical                         0x08000523   Thumb Code    16  dio.o(.text)
    DIO_ReadLogical                          0x08000533   Thumb Code    14  dio.o(.text)
    DIO_ToggleLogical                        0x08000541   Thumb Code    14  dio.o(.text)
    DIO_WritePort                            0x0800054f   Thumb Code     4  dio.o(.text)
    DIO_ReadPort                             0x08000553   Thumb Code     4  dio.o(.text)
    SysTick_Init                             0x0800055d   Thumb Code    38  SysTick.o(.text)
    SysTick_delay_ms                         0x0800059d   Thumb Code    82  SysTick.o(.text)
    SysTick_delay_us                         0x080005ef   Thumb Code    76  SysTick.o(.text)
    ADC_Init                                 0x0800064d   Thumb Code    22  adc.o(.text)
    ADC_Read                                 0x08000663   Thumb Code    24  adc.o(.text)
    ADC_Read_Channel                         0x0800067b   Thumb Code    26  adc.o(.text)
    Keys_init                                0x08000699   Thumb Code     8  keypad.o(.text)
    Decode_Keypad                            0x080006a1   Thumb Code   368  keypad.o(.text)
    Read_Button_Values                       0x08000811   Thumb Code    82  keypad.o(.text)
    Stepper_Init                             0x08000865   Thumb Code    12  stepper.o(.text)
    Stepper_Enable                           0x08000871   Thumb Code    16  stepper.o(.text)
    Stepper_Disable                          0x08000881   Thumb Code    24  stepper.o(.text)
    Stepper_SetDirection                     0x08000899   Thumb Code    14  stepper.o(.text)
    Stepper_SetSpeed                         0x080008a7   Thumb Code     4  stepper.o(.text)
    TIM2_Init                                0x080008ad   Thumb Code    42  timer.o(.text)
    TIM2_Delay_ms                            0x080008d7   Thumb Code    26  timer.o(.text)
    TIM3_PWM_Init                            0x080008f1   Thumb Code    94  timer.o(.text)
    TIM3_Set_Frequency                       0x0800094f   Thumb Code    40  timer.o(.text)
    TOF_Init                                 0x08000989   Thumb Code    26  tof400f_driver.o(.text)
    TOF_Read_Distance                        0x080009ad   Thumb Code   142  tof400f_driver.o(.text)
    I2C1_Init                                0x08000a59   Thumb Code    50  i2c.o(.text)
    I2C1_Start                               0x08000a8b   Thumb Code    62  i2c.o(.text)
    I2C1_Write                               0x08000ac9   Thumb Code    46  i2c.o(.text)
    I2C1_Stop                                0x08000af7   Thumb Code    52  i2c.o(.text)
    RTC_Init                                 0x08000b31   Thumb Code   140  rtc_driver.o(.text)
    RTC_GetTimeString                        0x08000bbd   Thumb Code    88  rtc_driver.o(.text)
    RTC_GetDateString                        0x08000c15   Thumb Code    88  rtc_driver.o(.text)
    RTC_GetDayString                         0x08000c8d   Thumb Code    38  rtc_driver.o(.text)
    SH1106_WriteCmd                          0x08000cbd   Thumb Code    56  sh1106_driver.o(.text)
    OLED_Init                                0x08000d09   Thumb Code    26  sh1106_driver.o(.text)
    OLED_ClearBuffer                         0x08000d23   Thumb Code    26  sh1106_driver.o(.text)
    OLED_UpdateScreen                        0x08000d3d   Thumb Code   102  sh1106_driver.o(.text)
    OLED_SetCursor                           0x08000da3   Thumb Code    16  sh1106_driver.o(.text)
    OLED_PutChar                             0x08000db3   Thumb Code    82  sh1106_driver.o(.text)
    OLED_PrintStr                            0x08000e05   Thumb Code    24  sh1106_driver.o(.text)
    OLED_DrawBitmap                          0x08000e1d   Thumb Code    72  sh1106_driver.o(.text)
    UI_Init                                  0x08000e79   Thumb Code    24  ui_driver.o(.text)
    UI_SetCurrentFloor                       0x08000e91   Thumb Code    12  ui_driver.o(.text)
    UI_SetTargetFloor                        0x08000e9d   Thumb Code    12  ui_driver.o(.text)
    UI_SetSystemState                        0x08000ea9   Thumb Code    12  ui_driver.o(.text)
    UI_Update                                0x08001005   Thumb Code    24  ui_driver.o(.text)
    main                                     0x080010a3   Thumb Code    84  main.o(.text)
    Reset_Handler                            0x08001295   Thumb Code     8  startup_stm32f411xe.o(.text)
    _sys_command_string                      0x0800129d   Thumb Code     6  startup_stm32f411xe.o(.text)
    NMI_Handler                              0x080012a3   Thumb Code     2  startup_stm32f411xe.o(.text)
    HardFault_Handler                        0x080012a5   Thumb Code     2  startup_stm32f411xe.o(.text)
    MemManage_Handler                        0x080012a7   Thumb Code     2  startup_stm32f411xe.o(.text)
    BusFault_Handler                         0x080012a9   Thumb Code     2  startup_stm32f411xe.o(.text)
    UsageFault_Handler                       0x080012ab   Thumb Code     2  startup_stm32f411xe.o(.text)
    SVC_Handler                              0x080012ad   Thumb Code     2  startup_stm32f411xe.o(.text)
    DebugMon_Handler                         0x080012af   Thumb Code     2  startup_stm32f411xe.o(.text)
    PendSV_Handler                           0x080012b1   Thumb Code     2  startup_stm32f411xe.o(.text)
    SysTick_Handler                          0x080012b3   Thumb Code     2  startup_stm32f411xe.o(.text)
    ADC_IRQHandler                           0x080012b5   Thumb Code     0  startup_stm32f411xe.o(.text)
    DMA1_Stream0_IRQHandler                  0x080012b5   Thumb Code     0  startup_stm32f411xe.o(.text)
    DMA1_Stream1_IRQHandler                  0x080012b5   Thumb Code     0  startup_stm32f411xe.o(.text)
    DMA1_Stream2_IRQHandler                  0x080012b5   Thumb Code     0  startup_stm32f411xe.o(.text)
    DMA1_Stream3_IRQHandler                  0x080012b5   Thumb Code     0  startup_stm32f411xe.o(.text)
    DMA1_Stream4_IRQHandler                  0x080012b5   Thumb Code     0  startup_stm32f411xe.o(.text)
    DMA1_Stream5_IRQHandler                  0x080012b5   Thumb Code     0  startup_stm32f411xe.o(.text)
    DMA1_Stream6_IRQHandler                  0x080012b5   Thumb Code     0  startup_stm32f411xe.o(.text)
    DMA1_Stream7_IRQHandler                  0x080012b5   Thumb Code     0  startup_stm32f411xe.o(.text)
    DMA2_Stream0_IRQHandler                  0x080012b5   Thumb Code     0  startup_stm32f411xe.o(.text)
    DMA2_Stream1_IRQHandler                  0x080012b5   Thumb Code     0  startup_stm32f411xe.o(.text)
    DMA2_Stream2_IRQHandler                  0x080012b5   Thumb Code     0  startup_stm32f411xe.o(.text)
    DMA2_Stream3_IRQHandler                  0x080012b5   Thumb Code     0  startup_stm32f411xe.o(.text)
    DMA2_Stream4_IRQHandler                  0x080012b5   Thumb Code     0  startup_stm32f411xe.o(.text)
    DMA2_Stream5_IRQHandler                  0x080012b5   Thumb Code     0  startup_stm32f411xe.o(.text)
    DMA2_Stream6_IRQHandler                  0x080012b5   Thumb Code     0  startup_stm32f411xe.o(.text)
    DMA2_Stream7_IRQHandler                  0x080012b5   Thumb Code     0  startup_stm32f411xe.o(.text)
    EXTI0_IRQHandler                         0x080012b5   Thumb Code     0  startup_stm32f411xe.o(.text)
    EXTI15_10_IRQHandler                     0x080012b5   Thumb Code     0  startup_stm32f411xe.o(.text)
    EXTI1_IRQHandler                         0x080012b5   Thumb Code     0  startup_stm32f411xe.o(.text)
    EXTI2_IRQHandler                         0x080012b5   Thumb Code     0  startup_stm32f411xe.o(.text)
    EXTI3_IRQHandler                         0x080012b5   Thumb Code     0  startup_stm32f411xe.o(.text)
    EXTI4_IRQHandler                         0x080012b5   Thumb Code     0  startup_stm32f411xe.o(.text)
    EXTI9_5_IRQHandler                       0x080012b5   Thumb Code     0  startup_stm32f411xe.o(.text)
    FLASH_IRQHandler                         0x080012b5   Thumb Code     0  startup_stm32f411xe.o(.text)
    FPU_IRQHandler                           0x080012b5   Thumb Code     0  startup_stm32f411xe.o(.text)
    I2C1_ER_IRQHandler                       0x080012b5   Thumb Code     0  startup_stm32f411xe.o(.text)
    I2C1_EV_IRQHandler                       0x080012b5   Thumb Code     0  startup_stm32f411xe.o(.text)
    I2C2_ER_IRQHandler                       0x080012b5   Thumb Code     0  startup_stm32f411xe.o(.text)
    I2C2_EV_IRQHandler                       0x080012b5   Thumb Code     0  startup_stm32f411xe.o(.text)
    I2C3_ER_IRQHandler                       0x080012b5   Thumb Code     0  startup_stm32f411xe.o(.text)
    I2C3_EV_IRQHandler                       0x080012b5   Thumb Code     0  startup_stm32f411xe.o(.text)
    OTG_FS_IRQHandler                        0x080012b5   Thumb Code     0  startup_stm32f411xe.o(.text)
    OTG_FS_WKUP_IRQHandler                   0x080012b5   Thumb Code     0  startup_stm32f411xe.o(.text)
    PVD_IRQHandler                           0x080012b5   Thumb Code     0  startup_stm32f411xe.o(.text)
    RCC_IRQHandler                           0x080012b5   Thumb Code     0  startup_stm32f411xe.o(.text)
    RTC_Alarm_IRQHandler                     0x080012b5   Thumb Code     0  startup_stm32f411xe.o(.text)
    RTC_WKUP_IRQHandler                      0x080012b5   Thumb Code     0  startup_stm32f411xe.o(.text)
    SDIO_IRQHandler                          0x080012b5   Thumb Code     0  startup_stm32f411xe.o(.text)
    SPI1_IRQHandler                          0x080012b5   Thumb Code     0  startup_stm32f411xe.o(.text)
    SPI2_IRQHandler                          0x080012b5   Thumb Code     0  startup_stm32f411xe.o(.text)
    SPI3_IRQHandler                          0x080012b5   Thumb Code     0  startup_stm32f411xe.o(.text)
    SPI4_IRQHandler                          0x080012b5   Thumb Code     0  startup_stm32f411xe.o(.text)
    SPI5_IRQHandler                          0x080012b5   Thumb Code     0  startup_stm32f411xe.o(.text)
    TAMP_STAMP_IRQHandler                    0x080012b5   Thumb Code     0  startup_stm32f411xe.o(.text)
    TIM1_BRK_TIM9_IRQHandler                 0x080012b5   Thumb Code     0  startup_stm32f411xe.o(.text)
    TIM1_CC_IRQHandler                       0x080012b5   Thumb Code     0  startup_stm32f411xe.o(.text)
    TIM1_TRG_COM_TIM11_IRQHandler            0x080012b5   Thumb Code     0  startup_stm32f411xe.o(.text)
    TIM1_UP_TIM10_IRQHandler                 0x080012b5   Thumb Code     0  startup_stm32f411xe.o(.text)
    TIM2_IRQHandler                          0x080012b5   Thumb Code     0  startup_stm32f411xe.o(.text)
    TIM3_IRQHandler                          0x080012b5   Thumb Code     0  startup_stm32f411xe.o(.text)
    TIM4_IRQHandler                          0x080012b5   Thumb Code     0  startup_stm32f411xe.o(.text)
    TIM5_IRQHandler                          0x080012b5   Thumb Code     0  startup_stm32f411xe.o(.text)
    USART1_IRQHandler                        0x080012b5   Thumb Code     0  startup_stm32f411xe.o(.text)
    USART2_IRQHandler                        0x080012b5   Thumb Code     0  startup_stm32f411xe.o(.text)
    USART6_IRQHandler                        0x080012b5   Thumb Code     0  startup_stm32f411xe.o(.text)
    WWDG_IRQHandler                          0x080012b5   Thumb Code     0  startup_stm32f411xe.o(.text)
    __user_initial_stackheap                 0x080012b9   Thumb Code     0  startup_stm32f411xe.o(.text)
    __use_two_region_memory                  0x080012dd   Thumb Code     2  heapauxi.o(.text)
    __rt_heap_escrow$2region                 0x080012df   Thumb Code     2  heapauxi.o(.text)
    __rt_heap_expand$2region                 0x080012e1   Thumb Code     2  heapauxi.o(.text)
    exit                                     0x080012e3   Thumb Code    18  exit.o(.text)
    _sys_exit                                0x080012f5   Thumb Code     8  sys_exit.o(.text)
    __argv_alloc                             0x08001301   Thumb Code    34  _get_argv_nomalloc.o(.text)
    __ARM_get_argv                           0x08001323   Thumb Code   268  _get_argv_nomalloc.o(.text)
    __I$use$semihosting                      0x0800142f   Thumb Code     0  use_no_semi.o(.text)
    __use_no_semihosting_swi                 0x0800142f   Thumb Code     2  use_no_semi.o(.text)
    __semihosting_library_function           0x08001431   Thumb Code     0  indicate_semi.o(.text)
    __use_no_heap_region                     0x08001431   Thumb Code     2  hrguard.o(.text)
    __heap_region$guard                      0x08001433   Thumb Code     2  hrguard.o(.text)
    __rt_SIGRTMEM                            0x08001435   Thumb Code    14  defsig_rtmem_outer.o(.text)
    __sig_exit                               0x08001443   Thumb Code    10  defsig_exit.o(.text)
    __rt_SIGRTMEM_inner                      0x0800144d   Thumb Code    22  defsig_rtmem_inner.o(.text)
    __default_signal_display                 0x0800149d   Thumb Code    50  defsig_general.o(.text)
    _ttywrch                                 0x080014cf   Thumb Code    14  sys_wrch.o(.text)
    SystemInit                               0x080014dd   Thumb Code    18  system_stm32f4xx.o(.text.SystemInit)
    DFP_Init                                 0x0800156d   Thumb Code   112  DFPlayer.o(DFPlayer_Driver)
    DFP_PlayTrack                            0x080015dd   Thumb Code    20  DFPlayer.o(DFPlayer_Driver)
    DFP_ResetBeforePlay                      0x080015f1   Thumb Code    28  DFPlayer.o(DFPlayer_Driver)
    DFP_Sleep                                0x0800160d   Thumb Code    20  DFPlayer.o(DFPlayer_Driver)
    DFP_WakeUp                               0x08001621   Thumb Code    20  DFPlayer.o(DFPlayer_Driver)
    DFP_SetVolume                            0x08001635   Thumb Code    30  DFPlayer.o(DFPlayer_Driver)
    DFP_Pause                                0x08001653   Thumb Code    20  DFPlayer.o(DFPlayer_Driver)
    DFP_Resume                               0x08001667   Thumb Code    20  DFPlayer.o(DFPlayer_Driver)
    DFP_Stop                                 0x0800167b   Thumb Code    28  DFPlayer.o(DFPlayer_Driver)
    DFP_PlayImmediate                        0x08001697   Thumb Code     8  DFPlayer.o(DFPlayer_Driver)
    UART1_Init                               0x080016a1   Thumb Code    84  UART1.o(UART_Driver)
    UART1_Transmit                           0x080016f5   Thumb Code    18  UART1.o(UART_Driver)
    UART1_Receive                            0x08001707   Thumb Code    16  UART1.o(UART_Driver)
    UART1_setBaudRate                        0x08001717   Thumb Code   126  UART1.o(UART_Driver)
    _fp_init                                 0x080017b5   Thumb Code    26  fpinit.o(x$fpl$fpinit)
    __fplib_config_fpu_vfp                   0x080017cd   Thumb Code     0  fpinit.o(x$fpl$fpinit)
    __fplib_config_pureend_doubles           0x080017cd   Thumb Code     0  fpinit.o(x$fpl$fpinit)
    DIO_Hardware_Map                         0x080017d0   Data           0  dio.o(.rodata)
    Font5x7                                  0x0800186c   Data           0  sh1106_driver.o(.rodata)
    bmp_digit_0                              0x08001a44   Data           0  bitmaps.o(.rodata)
    bmp_digit_1                              0x08001b04   Data           0  bitmaps.o(.rodata)
    bmp_digit_2                              0x08001bc4   Data           0  bitmaps.o(.rodata)
    bmp_arrow_up                             0x08001c84   Data           0  bitmaps.o(.rodata)
    bmp_arrow_down                           0x08001cc4   Data           0  bitmaps.o(.rodata)
    Region$$Table$$Base                      0x08001d3c   Number         0  anon$$obj.o(Region$$Table)
    Region$$Table$$Limit                     0x08001d5c   Number         0  anon$$obj.o(Region$$Table)
    UI_CurrentFloor                          0x20000420   Data           1  ui_driver.o(.data)
    UI_TargetFloor                           0x20000421   Data           1  ui_driver.o(.data)
    Image$$ARM_LIB_HEAP$$ZI$$Base            0x20000a30   Number         0  anon$$obj.o ABSOLUTE
    Image$$ARM_LIB_HEAP$$ZI$$Limit           0x20001630   Number         0  anon$$obj.o ABSOLUTE
    Image$$ARM_LIB_STACK$$ZI$$Limit          0x20020000   Number         0  anon$$obj.o ABSOLUTE



==============================================================================

Memory Map of the image

  Image Entry point : 0x08000199

  Load Region LR_ROM0 (Base: 0x08000000, Size: 0x00002190, Max: 0x00080000, ABSOLUTE, COMPRESSED[0x00001d70])

    Execution Region ER_ROM0 (Exec base: 0x08000000, Load base: 0x08000000, Size: 0x00001d5c, Max: 0x00080000, ABSOLUTE)

    Exec Addr    Load Addr    Size         Type   Attr      Idx    E Section Name        Object

    0x08000000   0x08000000   0x00000198   Data   RO           81    RESET               startup_stm32f411xe.o
    0x08000198   0x08000198   0x00000008   Code   RO          105  * !!!main             c_w.l(__main.o)
    0x080001a0   0x080001a0   0x0000005c   Code   RO          277    !!!scatter          c_w.l(__scatter.o)
    0x080001fc   0x080001fc   0x0000003a   Code   RO          275    !!dczerorl          c_w.l(__dczerorl.o)
    0x08000236   0x08000236   0x00000002   PAD
    0x08000238   0x08000238   0x00000002   Code   RO          278    !!handler_null      c_w.l(__scatter.o)
    0x0800023a   0x0800023a   0x00000002   PAD
    0x0800023c   0x0800023c   0x0000001c   Code   RO          281    !!handler_zi        c_w.l(__scatter_zi.o)
    0x08000258   0x08000258   0x00000002   Code   RO          137    .ARM.Collect$$libinit$$00000000  c_w.l(libinit.o)
    0x0800025a   0x0800025a   0x00000004   Code   RO          143    .ARM.Collect$$libinit$$00000001  c_w.l(libinit2.o)
    0x0800025e   0x0800025e   0x00000000   Code   RO          146    .ARM.Collect$$libinit$$00000004  c_w.l(libinit2.o)
    0x0800025e   0x0800025e   0x00000000   Code   RO          148    .ARM.Collect$$libinit$$00000006  c_w.l(libinit2.o)
    0x0800025e   0x0800025e   0x00000000   Code   RO          151    .ARM.Collect$$libinit$$0000000C  c_w.l(libinit2.o)
    0x0800025e   0x0800025e   0x00000000   Code   RO          153    .ARM.Collect$$libinit$$0000000E  c_w.l(libinit2.o)
    0x0800025e   0x0800025e   0x00000000   Code   RO          155    .ARM.Collect$$libinit$$00000010  c_w.l(libinit2.o)
    0x0800025e   0x0800025e   0x00000000   Code   RO          158    .ARM.Collect$$libinit$$00000013  c_w.l(libinit2.o)
    0x0800025e   0x0800025e   0x00000000   Code   RO          160    .ARM.Collect$$libinit$$00000015  c_w.l(libinit2.o)
    0x0800025e   0x0800025e   0x00000000   Code   RO          162    .ARM.Collect$$libinit$$00000017  c_w.l(libinit2.o)
    0x0800025e   0x0800025e   0x00000000   Code   RO          164    .ARM.Collect$$libinit$$00000019  c_w.l(libinit2.o)
    0x0800025e   0x0800025e   0x00000000   Code   RO          166    .ARM.Collect$$libinit$$0000001B  c_w.l(libinit2.o)
    0x0800025e   0x0800025e   0x00000000   Code   RO          168    .ARM.Collect$$libinit$$0000001D  c_w.l(libinit2.o)
    0x0800025e   0x0800025e   0x00000000   Code   RO          170    .ARM.Collect$$libinit$$0000001F  c_w.l(libinit2.o)
    0x0800025e   0x0800025e   0x00000000   Code   RO          172    .ARM.Collect$$libinit$$00000021  c_w.l(libinit2.o)
    0x0800025e   0x0800025e   0x00000000   Code   RO          174    .ARM.Collect$$libinit$$00000023  c_w.l(libinit2.o)
    0x0800025e   0x0800025e   0x00000000   Code   RO          176    .ARM.Collect$$libinit$$00000025  c_w.l(libinit2.o)
    0x0800025e   0x0800025e   0x00000000   Code   RO          178    .ARM.Collect$$libinit$$00000027  c_w.l(libinit2.o)
    0x0800025e   0x0800025e   0x00000008   Code   RO          180    .ARM.Collect$$libinit$$00000029  c_w.l(libinit2.o)
    0x08000266   0x08000266   0x00000000   Code   RO          184    .ARM.Collect$$libinit$$00000030  c_w.l(libinit2.o)
    0x08000266   0x08000266   0x00000000   Code   RO          186    .ARM.Collect$$libinit$$00000032  c_w.l(libinit2.o)
    0x08000266   0x08000266   0x00000000   Code   RO          188    .ARM.Collect$$libinit$$00000034  c_w.l(libinit2.o)
    0x08000266   0x08000266   0x00000002   Code   RO          189    .ARM.Collect$$libinit$$00000035  c_w.l(libinit2.o)
    0x08000268   0x08000268   0x00000002   Code   RO          215    .ARM.Collect$$libshutdown$$00000000  c_w.l(libshutdown.o)
    0x0800026a   0x0800026a   0x00000000   Code   RO          226    .ARM.Collect$$libshutdown$$00000002  c_w.l(libshutdown2.o)
    0x0800026a   0x0800026a   0x00000000   Code   RO          228    .ARM.Collect$$libshutdown$$00000004  c_w.l(libshutdown2.o)
    0x0800026a   0x0800026a   0x00000000   Code   RO          231    .ARM.Collect$$libshutdown$$00000007  c_w.l(libshutdown2.o)
    0x0800026a   0x0800026a   0x00000000   Code   RO          234    .ARM.Collect$$libshutdown$$0000000A  c_w.l(libshutdown2.o)
    0x0800026a   0x0800026a   0x00000000   Code   RO          236    .ARM.Collect$$libshutdown$$0000000C  c_w.l(libshutdown2.o)
    0x0800026a   0x0800026a   0x00000000   Code   RO          239    .ARM.Collect$$libshutdown$$0000000F  c_w.l(libshutdown2.o)
    0x0800026a   0x0800026a   0x00000002   Code   RO          240    .ARM.Collect$$libshutdown$$00000010  c_w.l(libshutdown2.o)
    0x0800026c   0x0800026c   0x00000000   Code   RO          107    .ARM.Collect$$rtentry$$00000000  c_w.l(__rtentry.o)
    0x0800026c   0x0800026c   0x00000000   Code   RO          109    .ARM.Collect$$rtentry$$00000002  c_w.l(__rtentry2.o)
    0x0800026c   0x0800026c   0x00000004   Code   RO          123    .ARM.Collect$$rtentry$$00000007  c_w.l(__rtentry7.o)
    0x08000270   0x08000270   0x00000000   Code   RO          111    .ARM.Collect$$rtentry$$00000009  c_w.l(__rtentry2.o)
    0x08000270   0x08000270   0x00000004   Code   RO          112    .ARM.Collect$$rtentry$$0000000A  c_w.l(__rtentry2.o)
    0x08000274   0x08000274   0x00000000   Code   RO          114    .ARM.Collect$$rtentry$$0000000C  c_w.l(__rtentry2.o)
    0x08000274   0x08000274   0x00000008   Code   RO          115    .ARM.Collect$$rtentry$$0000000D  c_w.l(__rtentry2.o)
    0x0800027c   0x0800027c   0x00000004   Code   RO          124    .ARM.Collect$$rtentry$$00002718  c_w.l(__rtentry7.o)
    0x08000280   0x08000280   0x00000002   Code   RO          141    .ARM.Collect$$rtexit$$00000000  c_w.l(rtexit.o)
    0x08000282   0x08000282   0x00000000   Code   RO          195    .ARM.Collect$$rtexit$$00000002  c_w.l(rtexit2.o)
    0x08000282   0x08000282   0x00000004   Code   RO          196    .ARM.Collect$$rtexit$$00000003  c_w.l(rtexit2.o)
    0x08000286   0x08000286   0x00000006   Code   RO          197    .ARM.Collect$$rtexit$$00000004  c_w.l(rtexit2.o)
    0x0800028c   0x0800028c   0x00000004   Code   RO          201    .emb_text           c_w.l(argv_veneer.o)
    0x08000290   0x08000290   0x000000b0   Code   RO            3    .text               rcc.o
    0x08000340   0x08000340   0x000001a4   Code   RO            9    .text               port.o
    0x080004e4   0x080004e4   0x00000078   Code   RO           14    .text               dio.o
    0x0800055c   0x0800055c   0x000000f0   Code   RO           18    .text               SysTick.o
    0x0800064c   0x0800064c   0x0000004c   Code   RO           22    .text               adc.o
    0x08000698   0x08000698   0x000001ca   Code   RO           26    .text               keypad.o
    0x08000862   0x08000862   0x00000002   PAD
    0x08000864   0x08000864   0x00000046   Code   RO           30    .text               stepper.o
    0x080008aa   0x080008aa   0x00000002   PAD
    0x080008ac   0x080008ac   0x000000dc   Code   RO           34    .text               timer.o
    0x08000988   0x08000988   0x000000d0   Code   RO           39    .text               tof400f_driver.o
    0x08000a58   0x08000a58   0x000000d8   Code   RO           43    .text               i2c.o
    0x08000b30   0x08000b30   0x0000018c   Code   RO           48    .text               rtc_driver.o
    0x08000cbc   0x08000cbc   0x000001bc   Code   RO           55    .text               sh1106_driver.o
    0x08000e78   0x08000e78   0x000001e0   Code   RO           62    .text               ui_driver.o
    0x08001058   0x08001058   0x0000023c   Code   RO           67    .text               main.o
    0x08001294   0x08001294   0x00000048   Code   RO           82    .text               startup_stm32f411xe.o
    0x080012dc   0x080012dc   0x00000006   Code   RO          103    .text               c_w.l(heapauxi.o)
    0x080012e2   0x080012e2   0x00000012   Code   RO          130    .text               c_w.l(exit.o)
    0x080012f4   0x080012f4   0x0000000c   Code   RO          205    .text               c_w.l(sys_exit.o)
    0x08001300   0x08001300   0x0000012e   Code   RO          211    .text               c_w.l(_get_argv_nomalloc.o)
    0x0800142e   0x0800142e   0x00000002   Code   RO          216    .text               c_w.l(use_no_semi.o)
    0x08001430   0x08001430   0x00000000   Code   RO          218    .text               c_w.l(indicate_semi.o)
    0x08001430   0x08001430   0x00000004   Code   RO          219    .text               c_w.l(hrguard.o)
    0x08001434   0x08001434   0x0000000e   Code   RO          221    .text               c_w.l(defsig_rtmem_outer.o)
    0x08001442   0x08001442   0x0000000a   Code   RO          243    .text               c_w.l(defsig_exit.o)
    0x0800144c   0x0800144c   0x00000050   Code   RO          245    .text               c_w.l(defsig_rtmem_inner.o)
    0x0800149c   0x0800149c   0x00000032   Code   RO          249    .text               c_w.l(defsig_general.o)
    0x080014ce   0x080014ce   0x0000000e   Code   RO          251    .text               c_w.l(sys_wrch.o)
    0x080014dc   0x080014dc   0x00000012   Code   RO           87    .text.SystemInit    system_stm32f4xx.o
    0x080014ee   0x080014ee   0x00000002   PAD
    0x080014f0   0x080014f0   0x000001b0   Code   RO           71    DFPlayer_Driver     DFPlayer.o
    0x080016a0   0x080016a0   0x00000114   Code   RO           75    UART_Driver         UART1.o
    0x080017b4   0x080017b4   0x0000001a   Code   RO          203    x$fpl$fpinit        fz_wm.l(fpinit.o)
    0x080017ce   0x080017ce   0x00000002   PAD
    0x080017d0   0x080017d0   0x00000038   Data   RO           13    .rodata             dio.o
    0x08001808   0x08001808   0x00000064   Data   RO           49    .rodata             rtc_driver.o
    0x0800186c   0x0800186c   0x000001d8   Data   RO           53    .rodata             sh1106_driver.o
    0x08001a44   0x08001a44   0x000002c0   Data   RO           59    .rodata             bitmaps.o
    0x08001d04   0x08001d04   0x00000038   Data   RO           61    .rodata             ui_driver.o
    0x08001d3c   0x08001d3c   0x00000020   Data   RO          274    Region$$Table       anon$$obj.o


    Execution Region RW_NOINIT (Exec base: 0x20000000, Load base: 0x08001d5c, Size: 0x00000000, Max: 0x0001f200, ABSOLUTE, UNINIT)

    **** No section assigned to this execution region ****


    Execution Region RW_RAM0 (Exec base: 0x20000000, Load base: 0x08001d60, Size: 0x00000a30, Max: 0x0001f200, ABSOLUTE, COMPRESSED[0x00000010])

    Exec Addr    Load Addr    Size         Type   Attr      Idx    E Section Name        Object

    0x20000000   COMPRESSED   0x00000007   Data   RW           38    .data               tof400f_driver.o
    0x20000007   COMPRESSED   0x00000001   PAD
    0x20000008   COMPRESSED   0x00000012   Data   RW           47    .data               rtc_driver.o
    0x2000001a   COMPRESSED   0x00000002   PAD
    0x2000001c   COMPRESSED   0x00000402   Data   RW           54    .data               sh1106_driver.o
    0x2000041e   COMPRESSED   0x00000002   PAD
    0x20000420   COMPRESSED   0x00000005   Data   RW           60    .data               ui_driver.o
    0x20000425   COMPRESSED   0x00000003   PAD
    0x20000428   COMPRESSED   0x00000004   Data   RW           66    .data               main.o
    0x2000042c   COMPRESSED   0x00000004   PAD
    0x20000430        -       0x00000200   Zero   RW           80    HEAP                startup_stm32f411xe.o
    0x20000630        -       0x00000400   Zero   RW           79    STACK               startup_stm32f411xe.o


    Execution Region ARM_LIB_HEAP (Exec base: 0x20000a30, Load base: 0x08001d70, Size: 0x00000c00, Max: 0x00000c00, ABSOLUTE)

    Exec Addr    Load Addr    Size         Type   Attr      Idx    E Section Name        Object

    0x20000a30        -       0x00000c00   Zero   RW            1    ARM_LIB_HEAP.bss    anon$$obj.o


    Execution Region ARM_LIB_STACK (Exec base: 0x2001fe00, Load base: 0x08001d70, Size: 0x00000200, Max: 0x00000200, ABSOLUTE)

    Exec Addr    Load Addr    Size         Type   Attr      Idx    E Section Name        Object

    0x2001fe00        -       0x00000200   Zero   RW            2    ARM_LIB_STACK.bss   anon$$obj.o


==============================================================================

Image component sizes


      Code (inc. data)   RO Data    RW Data    ZI Data      Debug   Object Name

       432          2          0          0          0       1036   DFPlayer.o
       240         18          0          0          0        724   SysTick.o
       276         10          0          0          0        772   UART1.o
        76          4          0          0          0        604   adc.o
         0          0        704          0          0          0   bitmaps.o
       120          6         56          0          0        840   dio.o
       216          6          0          0          0        688   i2c.o
       458          0          0          0          0        756   keypad.o
       572         22          0          4          0        964   main.o
       420         74          0          0          0        652   port.o
       176         16          0          0          0        764   rcc.o
       396         42        100         18          0        768   rtc_driver.o
       444         40        472       1026          0        960   sh1106_driver.o
        72         28        408          0       1536       1072   startup_stm32f411xe.o
        70          0          0          0          0        712   stepper.o
        18          0          0          0          0       3135   system_stm32f4xx.o
       220         18          0          0          0        708   timer.o
       208         40          0          7          0        636   tof400f_driver.o
       480         60         56          5          0        904   ui_driver.o

    ----------------------------------------------------------------------
      4900        386       1828       1068       5124      16695   Object Totals
         0          0         32          0       3584          0   (incl. Generated)
         6          0          0          8          4          0   (incl. Padding)

    ----------------------------------------------------------------------

      Code (inc. data)   RO Data    RW Data    ZI Data      Debug   Library Member Name

        58          0          0          0          0          0   __dczerorl.o
         8          0          0          0          0         68   __main.o
         0          0          0          0          0          0   __rtentry.o
        12          0          0          0          0          0   __rtentry2.o
         8          4          0          0          0          0   __rtentry7.o
        94          8          0          0          0          0   __scatter.o
        28          0          0          0          0          0   __scatter_zi.o
       302          0          0          0          0        168   _get_argv_nomalloc.o
         4          0          0          0          0         68   argv_veneer.o
        10          0          0          0          0         68   defsig_exit.o
        50          0          0          0          0         88   defsig_general.o
        80         58          0          0          0         76   defsig_rtmem_inner.o
        14          0          0          0          0         80   defsig_rtmem_outer.o
        18          0          0          0          0         80   exit.o
         6          0          0          0          0        152   heapauxi.o
         4          0          0          0          0        136   hrguard.o
         0          0          0          0          0          0   indicate_semi.o
         2          0          0          0          0          0   libinit.o
        14          0          0          0          0          0   libinit2.o
         2          0          0          0          0          0   libshutdown.o
         2          0          0          0          0          0   libshutdown2.o
         2          0          0          0          0          0   rtexit.o
        10          0          0          0          0          0   rtexit2.o
        12          4          0          0          0         68   sys_exit.o
        14          0          0          0          0         76   sys_wrch.o
         2          0          0          0          0         68   use_no_semi.o
        26          0          0          0          0        116   fpinit.o

    ----------------------------------------------------------------------
       788         74          0          0          0       1312   Library Totals
         6          0          0          0          0          0   (incl. Padding)

    ----------------------------------------------------------------------

      Code (inc. data)   RO Data    RW Data    ZI Data      Debug   Library Name

       756         74          0          0          0       1196   c_w.l
        26          0          0          0          0        116   fz_wm.l

    ----------------------------------------------------------------------
       788         74          0          0          0       1312   Library Totals

    ----------------------------------------------------------------------

==============================================================================


      Code (inc. data)   RO Data    RW Data    ZI Data      Debug   

      5688        460       1828       1068       5124      15955   Grand Totals
      5688        460       1828         16       5124      15955   ELF Image Totals (compressed)
      5688        460       1828         16          0          0   ROM Totals

==============================================================================

    Total RO  Size (Code + RO Data)                 7516 (   7.34kB)
    Total RW  Size (RW Data + ZI Data)              6192 (   6.05kB)
    Total ROM Size (Code + RO Data + RW Data)       7532 (   7.36kB)

==============================================================================

